Archive member included to satisfy reference by file (symbol)

/home/saul/st/stm32cubeide_1.7.0/plugins/com.st.stm32cube.ide.mcu.externaltools.gnu-tools-for-stm32.9-2020-q2-update.linux64_2.0.0.202105311346/tools/bin/../lib/gcc/arm-none-eabi/9.3.1/../../../../arm-none-eabi/lib/thumb/v7e-m+fp/hard/libc_nano.a(lib_a-errno.o)
                              ./Core/Src/syscalls.o (__errno)
/home/saul/st/stm32cubeide_1.7.0/plugins/com.st.stm32cube.ide.mcu.externaltools.gnu-tools-for-stm32.9-2020-q2-update.linux64_2.0.0.202105311346/tools/bin/../lib/gcc/arm-none-eabi/9.3.1/../../../../arm-none-eabi/lib/thumb/v7e-m+fp/hard/libc_nano.a(lib_a-exit.o)
                              /home/saul/st/stm32cubeide_1.7.0/plugins/com.st.stm32cube.ide.mcu.externaltools.gnu-tools-for-stm32.9-2020-q2-update.linux64_2.0.0.202105311346/tools/bin/../lib/gcc/arm-none-eabi/9.3.1/../../../../arm-none-eabi/lib/thumb/v7e-m+fp/hard/crt0.o (exit)
/home/saul/st/stm32cubeide_1.7.0/plugins/com.st.stm32cube.ide.mcu.externaltools.gnu-tools-for-stm32.9-2020-q2-update.linux64_2.0.0.202105311346/tools/bin/../lib/gcc/arm-none-eabi/9.3.1/../../../../arm-none-eabi/lib/thumb/v7e-m+fp/hard/libc_nano.a(lib_a-impure.o)
                              /home/saul/st/stm32cubeide_1.7.0/plugins/com.st.stm32cube.ide.mcu.externaltools.gnu-tools-for-stm32.9-2020-q2-update.linux64_2.0.0.202105311346/tools/bin/../lib/gcc/arm-none-eabi/9.3.1/../../../../arm-none-eabi/lib/thumb/v7e-m+fp/hard/libc_nano.a(lib_a-exit.o) (_global_impure_ptr)
/home/saul/st/stm32cubeide_1.7.0/plugins/com.st.stm32cube.ide.mcu.externaltools.gnu-tools-for-stm32.9-2020-q2-update.linux64_2.0.0.202105311346/tools/bin/../lib/gcc/arm-none-eabi/9.3.1/../../../../arm-none-eabi/lib/thumb/v7e-m+fp/hard/libc_nano.a(lib_a-init.o)
                              /home/saul/st/stm32cubeide_1.7.0/plugins/com.st.stm32cube.ide.mcu.externaltools.gnu-tools-for-stm32.9-2020-q2-update.linux64_2.0.0.202105311346/tools/bin/../lib/gcc/arm-none-eabi/9.3.1/../../../../arm-none-eabi/lib/thumb/v7e-m+fp/hard/crt0.o (__libc_init_array)
/home/saul/st/stm32cubeide_1.7.0/plugins/com.st.stm32cube.ide.mcu.externaltools.gnu-tools-for-stm32.9-2020-q2-update.linux64_2.0.0.202105311346/tools/bin/../lib/gcc/arm-none-eabi/9.3.1/../../../../arm-none-eabi/lib/thumb/v7e-m+fp/hard/libc_nano.a(lib_a-memset.o)
                              /home/saul/st/stm32cubeide_1.7.0/plugins/com.st.stm32cube.ide.mcu.externaltools.gnu-tools-for-stm32.9-2020-q2-update.linux64_2.0.0.202105311346/tools/bin/../lib/gcc/arm-none-eabi/9.3.1/../../../../arm-none-eabi/lib/thumb/v7e-m+fp/hard/crt0.o (memset)
/home/saul/st/stm32cubeide_1.7.0/plugins/com.st.stm32cube.ide.mcu.externaltools.gnu-tools-for-stm32.9-2020-q2-update.linux64_2.0.0.202105311346/tools/bin/../lib/gcc/arm-none-eabi/9.3.1/thumb/v7e-m+fp/hard/libgcc.a(_aeabi_uldivmod.o)
                              ./Drivers/STM32F4xx_HAL_Driver/Src/stm32f4xx_hal_rcc.o (__aeabi_uldivmod)
/home/saul/st/stm32cubeide_1.7.0/plugins/com.st.stm32cube.ide.mcu.externaltools.gnu-tools-for-stm32.9-2020-q2-update.linux64_2.0.0.202105311346/tools/bin/../lib/gcc/arm-none-eabi/9.3.1/thumb/v7e-m+fp/hard/libgcc.a(_udivmoddi4.o)
                              /home/saul/st/stm32cubeide_1.7.0/plugins/com.st.stm32cube.ide.mcu.externaltools.gnu-tools-for-stm32.9-2020-q2-update.linux64_2.0.0.202105311346/tools/bin/../lib/gcc/arm-none-eabi/9.3.1/thumb/v7e-m+fp/hard/libgcc.a(_aeabi_uldivmod.o) (__udivmoddi4)
/home/saul/st/stm32cubeide_1.7.0/plugins/com.st.stm32cube.ide.mcu.externaltools.gnu-tools-for-stm32.9-2020-q2-update.linux64_2.0.0.202105311346/tools/bin/../lib/gcc/arm-none-eabi/9.3.1/thumb/v7e-m+fp/hard/libgcc.a(_dvmd_tls.o)
                              /home/saul/st/stm32cubeide_1.7.0/plugins/com.st.stm32cube.ide.mcu.externaltools.gnu-tools-for-stm32.9-2020-q2-update.linux64_2.0.0.202105311346/tools/bin/../lib/gcc/arm-none-eabi/9.3.1/thumb/v7e-m+fp/hard/libgcc.a(_aeabi_uldivmod.o) (__aeabi_ldiv0)

Allocating common symbols
Common symbol       size              file

hUsbDeviceFS        0x2d0             ./USB_DEVICE/App/usb_device.o
hi2c1               0x54              ./Core/Src/main.o
hpcd_USB_OTG_FS     0x408             ./USB_DEVICE/Target/usbd_conf.o
uwTick              0x4               ./Drivers/STM32F4xx_HAL_Driver/Src/stm32f4xx_hal.o
pFlash              0x20              ./Drivers/STM32F4xx_HAL_Driver/Src/stm32f4xx_hal_flash.o
UserRxBufferFS      0x800             ./USB_DEVICE/App/usbd_cdc_if.o
UserTxBufferFS      0x800             ./USB_DEVICE/App/usbd_cdc_if.o
USBD_StrDesc        0x200             ./USB_DEVICE/App/usbd_desc.o

Discarded input sections

 .text          0x0000000000000000        0x0 /home/saul/st/stm32cubeide_1.7.0/plugins/com.st.stm32cube.ide.mcu.externaltools.gnu-tools-for-stm32.9-2020-q2-update.linux64_2.0.0.202105311346/tools/bin/../lib/gcc/arm-none-eabi/9.3.1/thumb/v7e-m+fp/hard/crti.o
[...]
Memory Configuration

Name             Origin             Length             Attributes
CCMRAM           0x0000000010000000 0x0000000000010000 xrw
RAM              0x0000000020000000 0x0000000000020000 xrw
FLASH            0x0000000008000000 0x0000000000100000 xr
*default*        0x0000000000000000 0xffffffffffffffff

Linker script and memory map

LOAD /home/saul/st/stm32cubeide_1.7.0/plugins/com.st.stm32cube.ide.mcu.externaltools.gnu-tools-for-stm32.9-2020-q2-update.linux64_2.0.0.202105311346/tools/bin/../lib/gcc/arm-none-eabi/9.3.1/thumb/v7e-m+fp/hard/crti.o
LOAD /home/saul/st/stm32cubeide_1.7.0/plugins/com.st.stm32cube.ide.mcu.externaltools.gnu-tools-for-stm32.9-2020-q2-update.linux64_2.0.0.202105311346/tools/bin/../lib/gcc/arm-none-eabi/9.3.1/thumb/v7e-m+fp/hard/crtbegin.o
LOAD /home/saul/st/stm32cubeide_1.7.0/plugins/com.st.stm32cube.ide.mcu.externaltools.gnu-tools-for-stm32.9-2020-q2-update.linux64_2.0.0.202105311346/tools/bin/../lib/gcc/arm-none-eabi/9.3.1/../../../../arm-none-eabi/lib/thumb/v7e-m+fp/hard/crt0.o
LOAD ./Core/Src/main.o
LOAD ./Core/Src/stm32f4xx_hal_msp.o
LOAD ./Core/Src/stm32f4xx_it.o
LOAD ./Core/Src/syscalls.o
LOAD ./Core/Src/sysmem.o
LOAD ./Core/Src/system_stm32f4xx.o
LOAD ./Core/Startup/startup_stm32f405rgtx.o
LOAD ./Drivers/STM32F4xx_HAL_Driver/Src/stm32f4xx_hal.o
LOAD ./Drivers/STM32F4xx_HAL_Driver/Src/stm32f4xx_hal_cortex.o
LOAD ./Drivers/STM32F4xx_HAL_Driver/Src/stm32f4xx_hal_dma.o
LOAD ./Drivers/STM32F4xx_HAL_Driver/Src/stm32f4xx_hal_dma_ex.o
LOAD ./Drivers/STM32F4xx_HAL_Driver/Src/stm32f4xx_hal_exti.o
LOAD ./Drivers/STM32F4xx_HAL_Driver/Src/stm32f4xx_hal_flash.o
LOAD ./Drivers/STM32F4xx_HAL_Driver/Src/stm32f4xx_hal_flash_ex.o
LOAD ./Drivers/STM32F4xx_HAL_Driver/Src/stm32f4xx_hal_flash_ramfunc.o
LOAD ./Drivers/STM32F4xx_HAL_Driver/Src/stm32f4xx_hal_gpio.o
LOAD ./Drivers/STM32F4xx_HAL_Driver/Src/stm32f4xx_hal_i2c.o
LOAD ./Drivers/STM32F4xx_HAL_Driver/Src/stm32f4xx_hal_i2c_ex.o
LOAD ./Drivers/STM32F4xx_HAL_Driver/Src/stm32f4xx_hal_pcd.o
LOAD ./Drivers/STM32F4xx_HAL_Driver/Src/stm32f4xx_hal_pcd_ex.o
LOAD ./Drivers/STM32F4xx_HAL_Driver/Src/stm32f4xx_hal_pwr.o
LOAD ./Drivers/STM32F4xx_HAL_Driver/Src/stm32f4xx_hal_pwr_ex.o
LOAD ./Drivers/STM32F4xx_HAL_Driver/Src/stm32f4xx_hal_rcc.o
LOAD ./Drivers/STM32F4xx_HAL_Driver/Src/stm32f4xx_hal_rcc_ex.o
LOAD ./Drivers/STM32F4xx_HAL_Driver/Src/stm32f4xx_hal_tim.o
LOAD ./Drivers/STM32F4xx_HAL_Driver/Src/stm32f4xx_hal_tim_ex.o
LOAD ./Drivers/STM32F4xx_HAL_Driver/Src/stm32f4xx_ll_usb.o
LOAD ./Middlewares/ST/STM32_USB_Device_Library/Class/CDC/Src/usbd_cdc.o
LOAD ./Middlewares/ST/STM32_USB_Device_Library/Core/Src/usbd_core.o
LOAD ./Middlewares/ST/STM32_USB_Device_Library/Core/Src/usbd_ctlreq.o
LOAD ./Middlewares/ST/STM32_USB_Device_Library/Core/Src/usbd_ioreq.o
LOAD ./USB_DEVICE/App/usb_device.o
LOAD ./USB_DEVICE/App/usbd_cdc_if.o
LOAD ./USB_DEVICE/App/usbd_desc.o
LOAD ./USB_DEVICE/Target/usbd_conf.o
START GROUP
LOAD /home/saul/st/stm32cubeide_1.7.0/plugins/com.st.stm32cube.ide.mcu.externaltools.gnu-tools-for-stm32.9-2020-q2-update.linux64_2.0.0.202105311346/tools/bin/../lib/gcc/arm-none-eabi/9.3.1/../../../../arm-none-eabi/lib/thumb/v7e-m+fp/hard/libc_nano.a
LOAD /home/saul/st/stm32cubeide_1.7.0/plugins/com.st.stm32cube.ide.mcu.externaltools.gnu-tools-for-stm32.9-2020-q2-update.linux64_2.0.0.202105311346/tools/bin/../lib/gcc/arm-none-eabi/9.3.1/../../../../arm-none-eabi/lib/thumb/v7e-m+fp/hard/libm.a
END GROUP
START GROUP
LOAD /home/saul/st/stm32cubeide_1.7.0/plugins/com.st.stm32cube.ide.mcu.externaltools.gnu-tools-for-stm32.9-2020-q2-update.linux64_2.0.0.202105311346/tools/bin/../lib/gcc/arm-none-eabi/9.3.1/thumb/v7e-m+fp/hard/libgcc.a
LOAD /home/saul/st/stm32cubeide_1.7.0/plugins/com.st.stm32cube.ide.mcu.externaltools.gnu-tools-for-stm32.9-2020-q2-update.linux64_2.0.0.202105311346/tools/bin/../lib/gcc/arm-none-eabi/9.3.1/../../../../arm-none-eabi/lib/thumb/v7e-m+fp/hard/libc_nano.a
END GROUP
START GROUP
LOAD /home/saul/st/stm32cubeide_1.7.0/plugins/com.st.stm32cube.ide.mcu.externaltools.gnu-tools-for-stm32.9-2020-q2-update.linux64_2.0.0.202105311346/tools/bin/../lib/gcc/arm-none-eabi/9.3.1/thumb/v7e-m+fp/hard/libgcc.a
LOAD /home/saul/st/stm32cubeide_1.7.0/plugins/com.st.stm32cube.ide.mcu.externaltools.gnu-tools-for-stm32.9-2020-q2-update.linux64_2.0.0.202105311346/tools/bin/../lib/gcc/arm-none-eabi/9.3.1/../../../../arm-none-eabi/lib/thumb/v7e-m+fp/hard/libc_nano.a
LOAD /home/saul/st/stm32cubeide_1.7.0/plugins/com.st.stm32cube.ide.mcu.externaltools.gnu-tools-for-stm32.9-2020-q2-update.linux64_2.0.0.202105311346/tools/bin/../lib/gcc/arm-none-eabi/9.3.1/../../../../arm-none-eabi/lib/thumb/v7e-m+fp/hard/libnosys.a
END GROUP
START GROUP
LOAD /home/saul/st/stm32cubeide_1.7.0/plugins/com.st.stm32cube.ide.mcu.externaltools.gnu-tools-for-stm32.9-2020-q2-update.linux64_2.0.0.202105311346/tools/bin/../lib/gcc/arm-none-eabi/9.3.1/thumb/v7e-m+fp/hard/libgcc.a
LOAD /home/saul/st/stm32cubeide_1.7.0/plugins/com.st.stm32cube.ide.mcu.externaltools.gnu-tools-for-stm32.9-2020-q2-update.linux64_2.0.0.202105311346/tools/bin/../lib/gcc/arm-none-eabi/9.3.1/../../../../arm-none-eabi/lib/thumb/v7e-m+fp/hard/libc_nano.a
LOAD /home/saul/st/stm32cubeide_1.7.0/plugins/com.st.stm32cube.ide.mcu.externaltools.gnu-tools-for-stm32.9-2020-q2-update.linux64_2.0.0.202105311346/tools/bin/../lib/gcc/arm-none-eabi/9.3.1/../../../../arm-none-eabi/lib/thumb/v7e-m+fp/hard/libnosys.a
END GROUP
LOAD /home/saul/st/stm32cubeide_1.7.0/plugins/com.st.stm32cube.ide.mcu.externaltools.gnu-tools-for-stm32.9-2020-q2-update.linux64_2.0.0.202105311346/tools/bin/../lib/gcc/arm-none-eabi/9.3.1/thumb/v7e-m+fp/hard/crtend.o
LOAD /home/saul/st/stm32cubeide_1.7.0/plugins/com.st.stm32cube.ide.mcu.externaltools.gnu-tools-for-stm32.9-2020-q2-update.linux64_2.0.0.202105311346/tools/bin/../lib/gcc/arm-none-eabi/9.3.1/thumb/v7e-m+fp/hard/crtn.o
                0x0000000020020000                _estack = (ORIGIN (RAM) + LENGTH (RAM))
                0x0000000000000200                _Min_Heap_Size = 0x200
                0x0000000000000400                _Min_Stack_Size = 0x400

.isr_vector     0x0000000008000000      0x188
                0x0000000008000000                . = ALIGN (0x4)
 *(.isr_vector)
 .isr_vector    0x0000000008000000      0x188 ./Core/Startup/startup_stm32f405rgtx.o
                0x0000000008000000                g_pfnVectors
                0x0000000008000188                . = ALIGN (0x4)

.text           0x0000000008000188     0x66ec
                0x0000000008000188                . = ALIGN (0x4)
 *(.text)
 .text          0x0000000008000188       0x40 /home/saul/st/stm32cubeide_1.7.0/plugins/com.st.stm32cube.ide.mcu.externaltools.gnu-tools-for-stm32.9-2020-q2-update.linux64_2.0.0.202105311346/tools/bin/../lib/gcc/arm-none-eabi/9.3.1/thumb/v7e-m+fp/hard/crtbegin.o
 .text          0x00000000080001c8       0x30 /home/saul/st/stm32cubeide_1.7.0/plugins/com.st.stm32cube.ide.mcu.externaltools.gnu-tools-for-stm32.9-2020-q2-update.linux64_2.0.0.202105311346/tools/bin/../lib/gcc/arm-none-eabi/9.3.1/thumb/v7e-m+fp/hard/libgcc.a(_aeabi_uldivmod.o)
                0x00000000080001c8                __aeabi_uldivmod
 .text          0x00000000080001f8      0x2c4 /home/saul/st/stm32cubeide_1.7.0/plugins/com.st.stm32cube.ide.mcu.externaltools.gnu-tools-for-stm32.9-2020-q2-update.linux64_2.0.0.202105311346/tools/bin/../lib/gcc/arm-none-eabi/9.3.1/thumb/v7e-m+fp/hard/libgcc.a(_udivmoddi4.o)
                0x00000000080001f8                __udivmoddi4
 .text          0x00000000080004bc        0x4 /home/saul/st/stm32cubeide_1.7.0/plugins/com.st.stm32cube.ide.mcu.externaltools.gnu-tools-for-stm32.9-2020-q2-update.linux64_2.0.0.202105311346/tools/bin/../lib/gcc/arm-none-eabi/9.3.1/thumb/v7e-m+fp/hard/libgcc.a(_dvmd_tls.o)
                0x00000000080004bc                __aeabi_ldiv0
                0x00000000080004bc                __aeabi_idiv0
 *(.text*)
 .text.main     0x00000000080004c0       0x90 ./Core/Src/main.o
                0x00000000080004c0                main
 .text.SystemClock_Config
                0x0000000008000550       0xd4 ./Core/Src/main.o
                0x0000000008000550                SystemClock_Config
 .text.MX_I2C1_Init
                0x0000000008000624       0x5c ./Core/Src/main.o
 .text.MX_GPIO_Init
                0x0000000008000680       0xbc ./Core/Src/main.o
 .text.Error_Handler
                0x000000000800073c        0xa ./Core/Src/main.o
                0x000000000800073c                Error_Handler
 *fill*         0x0000000008000746        0x2 
 .text.HAL_MspInit
                0x0000000008000748       0x50 ./Core/Src/stm32f4xx_hal_msp.o
                0x0000000008000748                HAL_MspInit
 .text.HAL_I2C_MspInit
                0x0000000008000798       0x90 ./Core/Src/stm32f4xx_hal_msp.o
                0x0000000008000798                HAL_I2C_MspInit
 .text.NMI_Handler
                0x0000000008000828        0x6 ./Core/Src/stm32f4xx_it.o
                0x0000000008000828                NMI_Handler
 .text.HardFault_Handler
                0x000000000800082e        0x6 ./Core/Src/stm32f4xx_it.o
                0x000000000800082e                HardFault_Handler
 .text.MemManage_Handler
                0x0000000008000834        0x6 ./Core/Src/stm32f4xx_it.o
                0x0000000008000834                MemManage_Handler
 .text.BusFault_Handler
                0x000000000800083a        0x6 ./Core/Src/stm32f4xx_it.o
                0x000000000800083a                BusFault_Handler
 .text.UsageFault_Handler
                0x0000000008000840        0x6 ./Core/Src/stm32f4xx_it.o
                0x0000000008000840                UsageFault_Handler
 .text.SVC_Handler
                0x0000000008000846        0xe ./Core/Src/stm32f4xx_it.o
                0x0000000008000846                SVC_Handler
 .text.DebugMon_Handler
                0x0000000008000854        0xe ./Core/Src/stm32f4xx_it.o
                0x0000000008000854                DebugMon_Handler
 .text.PendSV_Handler
                0x0000000008000862        0xe ./Core/Src/stm32f4xx_it.o
                0x0000000008000862                PendSV_Handler
 .text.SysTick_Handler
                0x0000000008000870        0xc ./Core/Src/stm32f4xx_it.o
                0x0000000008000870                SysTick_Handler
 .text.OTG_FS_IRQHandler
                0x000000000800087c       0x14 ./Core/Src/stm32f4xx_it.o
                0x000000000800087c                OTG_FS_IRQHandler
 .text.SystemInit
                0x0000000008000890       0x24 ./Core/Src/system_stm32f4xx.o
                0x0000000008000890                SystemInit
 .text.Reset_Handler
                0x00000000080008b4       0x50 ./Core/Startup/startup_stm32f405rgtx.o
                0x00000000080008b4                Reset_Handler
 .text.Default_Handler
                0x0000000008000904        0x2 ./Core/Startup/startup_stm32f405rgtx.o
                0x0000000008000904                RTC_Alarm_IRQHandler
                0x0000000008000904                HASH_RNG_IRQHandler
                0x0000000008000904                EXTI2_IRQHandler
                0x0000000008000904                TIM8_CC_IRQHandler
                0x0000000008000904                TIM1_CC_IRQHandler
                0x0000000008000904                DMA2_Stream5_IRQHandler
                0x0000000008000904                DMA1_Stream5_IRQHandler
                0x0000000008000904                PVD_IRQHandler
                0x0000000008000904                SDIO_IRQHandler
                0x0000000008000904                TAMP_STAMP_IRQHandler
                0x0000000008000904                CAN2_RX1_IRQHandler
                0x0000000008000904                EXTI3_IRQHandler
                0x0000000008000904                TIM8_TRG_COM_TIM14_IRQHandler
                0x0000000008000904                TIM1_UP_TIM10_IRQHandler
                0x0000000008000904                TIM8_UP_TIM13_IRQHandler
                0x0000000008000904                I2C3_ER_IRQHandler
                0x0000000008000904                EXTI0_IRQHandler
                0x0000000008000904                I2C2_EV_IRQHandler
                0x0000000008000904                DMA1_Stream2_IRQHandler
                0x0000000008000904                CAN1_RX0_IRQHandler
                0x0000000008000904                FPU_IRQHandler
                0x0000000008000904                OTG_HS_WKUP_IRQHandler
                0x0000000008000904                CAN2_SCE_IRQHandler
                0x0000000008000904                DMA2_Stream2_IRQHandler
                0x0000000008000904                SPI1_IRQHandler
                0x0000000008000904                TIM6_DAC_IRQHandler
                0x0000000008000904                TIM1_BRK_TIM9_IRQHandler
                0x0000000008000904                CAN2_RX0_IRQHandler
                0x0000000008000904                DMA2_Stream3_IRQHandler
                0x0000000008000904                USART6_IRQHandler
                0x0000000008000904                USART3_IRQHandler
                0x0000000008000904                CAN1_RX1_IRQHandler
                0x0000000008000904                UART5_IRQHandler
                0x0000000008000904                DMA2_Stream0_IRQHandler
                0x0000000008000904                TIM4_IRQHandler
                0x0000000008000904                I2C1_EV_IRQHandler
                0x0000000008000904                DMA1_Stream6_IRQHandler
                0x0000000008000904                DMA1_Stream1_IRQHandler
                0x0000000008000904                UART4_IRQHandler
                0x0000000008000904                TIM3_IRQHandler
                0x0000000008000904                RCC_IRQHandler
                0x0000000008000904                TIM8_BRK_TIM12_IRQHandler
                0x0000000008000904                Default_Handler
                0x0000000008000904                EXTI15_10_IRQHandler
                0x0000000008000904                ADC_IRQHandler
                0x0000000008000904                DMA1_Stream7_IRQHandler
                0x0000000008000904                TIM7_IRQHandler
                0x0000000008000904                CAN2_TX_IRQHandler
                0x0000000008000904                TIM5_IRQHandler
                0x0000000008000904                DMA2_Stream7_IRQHandler
                0x0000000008000904                I2C3_EV_IRQHandler
                0x0000000008000904                EXTI9_5_IRQHandler
                0x0000000008000904                RTC_WKUP_IRQHandler
                0x0000000008000904                SPI2_IRQHandler
                0x0000000008000904                OTG_HS_EP1_IN_IRQHandler
                0x0000000008000904                DMA1_Stream0_IRQHandler
                0x0000000008000904                CAN1_TX_IRQHandler
                0x0000000008000904                EXTI4_IRQHandler
                0x0000000008000904                FSMC_IRQHandler
                0x0000000008000904                OTG_HS_EP1_OUT_IRQHandler
                0x0000000008000904                WWDG_IRQHandler
                0x0000000008000904                TIM2_IRQHandler
                0x0000000008000904                OTG_FS_WKUP_IRQHandler
                0x0000000008000904                TIM1_TRG_COM_TIM11_IRQHandler
                0x0000000008000904                OTG_HS_IRQHandler
                0x0000000008000904                EXTI1_IRQHandler
                0x0000000008000904                USART2_IRQHandler
                0x0000000008000904                I2C2_ER_IRQHandler
                0x0000000008000904                DMA2_Stream1_IRQHandler
                0x0000000008000904                CAN1_SCE_IRQHandler
                0x0000000008000904                FLASH_IRQHandler
                0x0000000008000904                DMA2_Stream4_IRQHandler
                0x0000000008000904                USART1_IRQHandler
                0x0000000008000904                SPI3_IRQHandler
                0x0000000008000904                DMA1_Stream4_IRQHandler
                0x0000000008000904                I2C1_ER_IRQHandler
                0x0000000008000904                DMA2_Stream6_IRQHandler
                0x0000000008000904                DMA1_Stream3_IRQHandler
 *fill*         0x0000000008000906        0x2 
 .text.HAL_Init
                0x0000000008000908       0x44 ./Drivers/STM32F4xx_HAL_Driver/Src/stm32f4xx_hal.o
                0x0000000008000908                HAL_Init
 .text.HAL_InitTick
                0x000000000800094c       0x60 ./Drivers/STM32F4xx_HAL_Driver/Src/stm32f4xx_hal.o
                0x000000000800094c                HAL_InitTick
 .text.HAL_IncTick
                0x00000000080009ac       0x28 ./Drivers/STM32F4xx_HAL_Driver/Src/stm32f4xx_hal.o
                0x00000000080009ac                HAL_IncTick
 .text.HAL_GetTick
                0x00000000080009d4       0x18 ./Drivers/STM32F4xx_HAL_Driver/Src/stm32f4xx_hal.o
                0x00000000080009d4                HAL_GetTick
 .text.HAL_Delay
                0x00000000080009ec       0x48 ./Drivers/STM32F4xx_HAL_Driver/Src/stm32f4xx_hal.o
                0x00000000080009ec                HAL_Delay
 .text.__NVIC_SetPriorityGrouping
                0x0000000008000a34       0x48 ./Drivers/STM32F4xx_HAL_Driver/Src/stm32f4xx_hal_cortex.o
 .text.__NVIC_GetPriorityGrouping
                0x0000000008000a7c       0x1c ./Drivers/STM32F4xx_HAL_Driver/Src/stm32f4xx_hal_cortex.o
 .text.__NVIC_EnableIRQ
                0x0000000008000a98       0x3c ./Drivers/STM32F4xx_HAL_Driver/Src/stm32f4xx_hal_cortex.o
 .text.__NVIC_SetPriority
                0x0000000008000ad4       0x54 ./Drivers/STM32F4xx_HAL_Driver/Src/stm32f4xx_hal_cortex.o
 .text.NVIC_EncodePriority
                0x0000000008000b28       0x66 ./Drivers/STM32F4xx_HAL_Driver/Src/stm32f4xx_hal_cortex.o
 *fill*         0x0000000008000b8e        0x2 
 .text.SysTick_Config
                0x0000000008000b90       0x44 ./Drivers/STM32F4xx_HAL_Driver/Src/stm32f4xx_hal_cortex.o
 .text.HAL_NVIC_SetPriorityGrouping
                0x0000000008000bd4       0x16 ./Drivers/STM32F4xx_HAL_Driver/Src/stm32f4xx_hal_cortex.o
                0x0000000008000bd4                HAL_NVIC_SetPriorityGrouping
 .text.HAL_NVIC_SetPriority
                0x0000000008000bea       0x38 ./Drivers/STM32F4xx_HAL_Driver/Src/stm32f4xx_hal_cortex.o
                0x0000000008000bea                HAL_NVIC_SetPriority
 .text.HAL_NVIC_EnableIRQ
                0x0000000008000c22       0x1c ./Drivers/STM32F4xx_HAL_Driver/Src/stm32f4xx_hal_cortex.o
                0x0000000008000c22                HAL_NVIC_EnableIRQ
 .text.HAL_SYSTICK_Config
                0x0000000008000c3e       0x18 ./Drivers/STM32F4xx_HAL_Driver/Src/stm32f4xx_hal_cortex.o
                0x0000000008000c3e                HAL_SYSTICK_Config
 *fill*         0x0000000008000c56        0x2 
 .text.HAL_GPIO_Init
                0x0000000008000c58      0x338 ./Drivers/STM32F4xx_HAL_Driver/Src/stm32f4xx_hal_gpio.o
                0x0000000008000c58                HAL_GPIO_Init
 .text.HAL_GPIO_WritePin
                0x0000000008000f90       0x32 ./Drivers/STM32F4xx_HAL_Driver/Src/stm32f4xx_hal_gpio.o
                0x0000000008000f90                HAL_GPIO_WritePin
 *fill*         0x0000000008000fc2        0x2 
 .text.HAL_I2C_Init
                0x0000000008000fc4      0x288 ./Drivers/STM32F4xx_HAL_Driver/Src/stm32f4xx_hal_i2c.o
                0x0000000008000fc4                HAL_I2C_Init
 .text.HAL_PCD_Init
                0x000000000800124c      0x23a ./Drivers/STM32F4xx_HAL_Driver/Src/stm32f4xx_hal_pcd.o
                0x000000000800124c                HAL_PCD_Init
 .text.HAL_PCD_Start
                0x0000000008001486       0x66 ./Drivers/STM32F4xx_HAL_Driver/Src/stm32f4xx_hal_pcd.o
                0x0000000008001486                HAL_PCD_Start
 .text.HAL_PCD_IRQHandler
                0x00000000080014ec      0x764 ./Drivers/STM32F4xx_HAL_Driver/Src/stm32f4xx_hal_pcd.o
                0x00000000080014ec                HAL_PCD_IRQHandler
 .text.HAL_PCD_SetAddress
                0x0000000008001c50       0x4a ./Drivers/STM32F4xx_HAL_Driver/Src/stm32f4xx_hal_pcd.o
                0x0000000008001c50                HAL_PCD_SetAddress
 .text.HAL_PCD_EP_Open
                0x0000000008001c9a       0xd0 ./Drivers/STM32F4xx_HAL_Driver/Src/stm32f4xx_hal_pcd.o
                0x0000000008001c9a                HAL_PCD_EP_Open
 .text.HAL_PCD_EP_Close
                0x0000000008001d6a       0x94 ./Drivers/STM32F4xx_HAL_Driver/Src/stm32f4xx_hal_pcd.o
                0x0000000008001d6a                HAL_PCD_EP_Close
 .text.HAL_PCD_EP_Receive
                0x0000000008001dfe       0x96 ./Drivers/STM32F4xx_HAL_Driver/Src/stm32f4xx_hal_pcd.o
                0x0000000008001dfe                HAL_PCD_EP_Receive
 .text.HAL_PCD_EP_GetRxCount
                0x0000000008001e94       0x30 ./Drivers/STM32F4xx_HAL_Driver/Src/stm32f4xx_hal_pcd.o
                0x0000000008001e94                HAL_PCD_EP_GetRxCount
 .text.HAL_PCD_EP_Transmit
                0x0000000008001ec4       0x94 ./Drivers/STM32F4xx_HAL_Driver/Src/stm32f4xx_hal_pcd.o
                0x0000000008001ec4                HAL_PCD_EP_Transmit
 .text.HAL_PCD_EP_SetStall
                0x0000000008001f58       0xc8 ./Drivers/STM32F4xx_HAL_Driver/Src/stm32f4xx_hal_pcd.o
                0x0000000008001f58                HAL_PCD_EP_SetStall
 .text.HAL_PCD_EP_ClrStall
                0x0000000008002020       0xac ./Drivers/STM32F4xx_HAL_Driver/Src/stm32f4xx_hal_pcd.o
                0x0000000008002020                HAL_PCD_EP_ClrStall
 .text.PCD_WriteEmptyTxFifo
                0x00000000080020cc      0x11a ./Drivers/STM32F4xx_HAL_Driver/Src/stm32f4xx_hal_pcd.o
 *fill*         0x00000000080021e6        0x2 
 .text.PCD_EP_OutXfrComplete_int
                0x00000000080021e8      0x218 ./Drivers/STM32F4xx_HAL_Driver/Src/stm32f4xx_hal_pcd.o
 .text.PCD_EP_OutSetupPacket_int
                0x0000000008002400       0x8c ./Drivers/STM32F4xx_HAL_Driver/Src/stm32f4xx_hal_pcd.o
 .text.HAL_PCDEx_SetTxFiFo
                0x000000000800248c       0x8e ./Drivers/STM32F4xx_HAL_Driver/Src/stm32f4xx_hal_pcd_ex.o
                0x000000000800248c                HAL_PCDEx_SetTxFiFo
 .text.HAL_PCDEx_SetRxFiFo
                0x000000000800251a       0x22 ./Drivers/STM32F4xx_HAL_Driver/Src/stm32f4xx_hal_pcd_ex.o
                0x000000000800251a                HAL_PCDEx_SetRxFiFo
 .text.HAL_PCDEx_LPM_Callback
                0x000000000800253c       0x18 ./Drivers/STM32F4xx_HAL_Driver/Src/stm32f4xx_hal_pcd_ex.o
                0x000000000800253c                HAL_PCDEx_LPM_Callback
 .text.HAL_RCC_OscConfig
                0x0000000008002554      0x4f0 ./Drivers/STM32F4xx_HAL_Driver/Src/stm32f4xx_hal_rcc.o
                0x0000000008002554                HAL_RCC_OscConfig
 .text.HAL_RCC_ClockConfig
                0x0000000008002a44      0x1cc ./Drivers/STM32F4xx_HAL_Driver/Src/stm32f4xx_hal_rcc.o
                0x0000000008002a44                HAL_RCC_ClockConfig
 .text.HAL_RCC_GetSysClockFreq
                0x0000000008002c10      0x16c ./Drivers/STM32F4xx_HAL_Driver/Src/stm32f4xx_hal_rcc.o
                0x0000000008002c10                HAL_RCC_GetSysClockFreq
 .text.HAL_RCC_GetHCLKFreq
                0x0000000008002d7c       0x18 ./Drivers/STM32F4xx_HAL_Driver/Src/stm32f4xx_hal_rcc.o
                0x0000000008002d7c                HAL_RCC_GetHCLKFreq
 .text.HAL_RCC_GetPCLK1Freq
                0x0000000008002d94       0x28 ./Drivers/STM32F4xx_HAL_Driver/Src/stm32f4xx_hal_rcc.o
                0x0000000008002d94                HAL_RCC_GetPCLK1Freq
 .text.USB_CoreInit
                0x0000000008002dbc       0xc2 ./Drivers/STM32F4xx_HAL_Driver/Src/stm32f4xx_ll_usb.o
                0x0000000008002dbc                USB_CoreInit
 *fill*         0x0000000008002e7e        0x2 
 .text.USB_SetTurnaroundTime
                0x0000000008002e80      0x144 ./Drivers/STM32F4xx_HAL_Driver/Src/stm32f4xx_ll_usb.o
                0x0000000008002e80                USB_SetTurnaroundTime
 .text.USB_EnableGlobalInt
                0x0000000008002fc4       0x22 ./Drivers/STM32F4xx_HAL_Driver/Src/stm32f4xx_ll_usb.o
                0x0000000008002fc4                USB_EnableGlobalInt
 .text.USB_DisableGlobalInt
                0x0000000008002fe6       0x22 ./Drivers/STM32F4xx_HAL_Driver/Src/stm32f4xx_ll_usb.o
                0x0000000008002fe6                USB_DisableGlobalInt
 .text.USB_SetCurrentMode
                0x0000000008003008       0x98 ./Drivers/STM32F4xx_HAL_Driver/Src/stm32f4xx_ll_usb.o
                0x0000000008003008                USB_SetCurrentMode
 .text.USB_DevInit
                0x00000000080030a0      0x2c8 ./Drivers/STM32F4xx_HAL_Driver/Src/stm32f4xx_ll_usb.o
                0x00000000080030a0                USB_DevInit
 .text.USB_FlushTxFifo
                0x0000000008003368       0x48 ./Drivers/STM32F4xx_HAL_Driver/Src/stm32f4xx_ll_usb.o
                0x0000000008003368                USB_FlushTxFifo
 .text.USB_FlushRxFifo
                0x00000000080033b0       0x40 ./Drivers/STM32F4xx_HAL_Driver/Src/stm32f4xx_ll_usb.o
                0x00000000080033b0                USB_FlushRxFifo
 .text.USB_SetDevSpeed
                0x00000000080033f0       0x32 ./Drivers/STM32F4xx_HAL_Driver/Src/stm32f4xx_ll_usb.o
                0x00000000080033f0                USB_SetDevSpeed
 .text.USB_GetDevSpeed
                0x0000000008003422       0x4a ./Drivers/STM32F4xx_HAL_Driver/Src/stm32f4xx_ll_usb.o
                0x0000000008003422                USB_GetDevSpeed
 .text.USB_ActivateEndpoint
                0x000000000800346c      0x10e ./Drivers/STM32F4xx_HAL_Driver/Src/stm32f4xx_ll_usb.o
                0x000000000800346c                USB_ActivateEndpoint
 *fill*         0x000000000800357a        0x2 
 .text.USB_DeactivateEndpoint
                0x000000000800357c      0x1b8 ./Drivers/STM32F4xx_HAL_Driver/Src/stm32f4xx_ll_usb.o
                0x000000000800357c                USB_DeactivateEndpoint
 .text.USB_EPStartXfer
                0x0000000008003734      0x488 ./Drivers/STM32F4xx_HAL_Driver/Src/stm32f4xx_ll_usb.o
                0x0000000008003734                USB_EPStartXfer
 .text.USB_EP0StartXfer
                0x0000000008003bbc      0x2a6 ./Drivers/STM32F4xx_HAL_Driver/Src/stm32f4xx_ll_usb.o
                0x0000000008003bbc                USB_EP0StartXfer
 .text.USB_WritePacket
                0x0000000008003e62       0x7c ./Drivers/STM32F4xx_HAL_Driver/Src/stm32f4xx_ll_usb.o
                0x0000000008003e62                USB_WritePacket
 .text.USB_ReadPacket
                0x0000000008003ede       0xb0 ./Drivers/STM32F4xx_HAL_Driver/Src/stm32f4xx_ll_usb.o
                0x0000000008003ede                USB_ReadPacket
 .text.USB_EPSetStall
                0x0000000008003f8e       0xdc ./Drivers/STM32F4xx_HAL_Driver/Src/stm32f4xx_ll_usb.o
                0x0000000008003f8e                USB_EPSetStall
 .text.USB_EPClearStall
                0x000000000800406a       0xcc ./Drivers/STM32F4xx_HAL_Driver/Src/stm32f4xx_ll_usb.o
                0x000000000800406a                USB_EPClearStall
 .text.USB_SetDevAddress
                0x0000000008004136       0x4c ./Drivers/STM32F4xx_HAL_Driver/Src/stm32f4xx_ll_usb.o
                0x0000000008004136                USB_SetDevAddress
 .text.USB_DevConnect
                0x0000000008004182       0x42 ./Drivers/STM32F4xx_HAL_Driver/Src/stm32f4xx_ll_usb.o
                0x0000000008004182                USB_DevConnect
 .text.USB_DevDisconnect
                0x00000000080041c4       0x42 ./Drivers/STM32F4xx_HAL_Driver/Src/stm32f4xx_ll_usb.o
                0x00000000080041c4                USB_DevDisconnect
 .text.USB_ReadInterrupts
                0x0000000008004206       0x26 ./Drivers/STM32F4xx_HAL_Driver/Src/stm32f4xx_ll_usb.o
                0x0000000008004206                USB_ReadInterrupts
 .text.USB_ReadDevAllOutEpInterrupt
                0x000000000800422c       0x34 ./Drivers/STM32F4xx_HAL_Driver/Src/stm32f4xx_ll_usb.o
                0x000000000800422c                USB_ReadDevAllOutEpInterrupt
 .text.USB_ReadDevAllInEpInterrupt
                0x0000000008004260       0x34 ./Drivers/STM32F4xx_HAL_Driver/Src/stm32f4xx_ll_usb.o
                0x0000000008004260                USB_ReadDevAllInEpInterrupt
 .text.USB_ReadDevOutEPInterrupt
                0x0000000008004294       0x3c ./Drivers/STM32F4xx_HAL_Driver/Src/stm32f4xx_ll_usb.o
                0x0000000008004294                USB_ReadDevOutEPInterrupt
 .text.USB_ReadDevInEPInterrupt
                0x00000000080042d0       0x5c ./Drivers/STM32F4xx_HAL_Driver/Src/stm32f4xx_ll_usb.o
                0x00000000080042d0                USB_ReadDevInEPInterrupt
 .text.USB_GetMode
                0x000000000800432c       0x1c ./Drivers/STM32F4xx_HAL_Driver/Src/stm32f4xx_ll_usb.o
                0x000000000800432c                USB_GetMode
 .text.USB_ActivateSetup
                0x0000000008004348       0x46 ./Drivers/STM32F4xx_HAL_Driver/Src/stm32f4xx_ll_usb.o
                0x0000000008004348                USB_ActivateSetup
 *fill*         0x000000000800438e        0x2 
 .text.USB_EP0_OutStart
                0x0000000008004390       0xbc ./Drivers/STM32F4xx_HAL_Driver/Src/stm32f4xx_ll_usb.o
                0x0000000008004390                USB_EP0_OutStart
 .text.USB_CoreReset
                0x000000000800444c       0x64 ./Drivers/STM32F4xx_HAL_Driver/Src/stm32f4xx_ll_usb.o
 .text.USBD_CDC_Init
                0x00000000080044b0       0xfe ./Middlewares/ST/STM32_USB_Device_Library/Class/CDC/Src/usbd_cdc.o
 .text.USBD_CDC_DeInit
                0x00000000080045ae       0x74 ./Middlewares/ST/STM32_USB_Device_Library/Class/CDC/Src/usbd_cdc.o
 *fill*         0x0000000008004622        0x2 
 .text.USBD_CDC_Setup
                0x0000000008004624      0x190 ./Middlewares/ST/STM32_USB_Device_Library/Class/CDC/Src/usbd_cdc.o
 .text.USBD_CDC_DataIn
                0x00000000080047b4       0xca ./Middlewares/ST/STM32_USB_Device_Library/Class/CDC/Src/usbd_cdc.o
 .text.USBD_CDC_DataOut
                0x000000000800487e       0x56 ./Middlewares/ST/STM32_USB_Device_Library/Class/CDC/Src/usbd_cdc.o
 .text.USBD_CDC_EP0_RxReady
                0x00000000080048d4       0x5a ./Middlewares/ST/STM32_USB_Device_Library/Class/CDC/Src/usbd_cdc.o
 *fill*         0x000000000800492e        0x2 
 .text.USBD_CDC_GetFSCfgDesc
                0x0000000008004930       0x20 ./Middlewares/ST/STM32_USB_Device_Library/Class/CDC/Src/usbd_cdc.o
 .text.USBD_CDC_GetHSCfgDesc
                0x0000000008004950       0x20 ./Middlewares/ST/STM32_USB_Device_Library/Class/CDC/Src/usbd_cdc.o
 .text.USBD_CDC_GetOtherSpeedCfgDesc
                0x0000000008004970       0x20 ./Middlewares/ST/STM32_USB_Device_Library/Class/CDC/Src/usbd_cdc.o
 .text.USBD_CDC_GetDeviceQualifierDescriptor
                0x0000000008004990       0x20 ./Middlewares/ST/STM32_USB_Device_Library/Class/CDC/Src/usbd_cdc.o
                0x0000000008004990                USBD_CDC_GetDeviceQualifierDescriptor
 .text.USBD_CDC_RegisterInterface
                0x00000000080049b0       0x2a ./Middlewares/ST/STM32_USB_Device_Library/Class/CDC/Src/usbd_cdc.o
                0x00000000080049b0                USBD_CDC_RegisterInterface
 .text.USBD_CDC_SetTxBuffer
                0x00000000080049da       0x3c ./Middlewares/ST/STM32_USB_Device_Library/Class/CDC/Src/usbd_cdc.o
                0x00000000080049da                USBD_CDC_SetTxBuffer
 .text.USBD_CDC_SetRxBuffer
                0x0000000008004a16       0x32 ./Middlewares/ST/STM32_USB_Device_Library/Class/CDC/Src/usbd_cdc.o
                0x0000000008004a16                USBD_CDC_SetRxBuffer
 .text.USBD_CDC_TransmitPacket
                0x0000000008004a48       0x60 ./Middlewares/ST/STM32_USB_Device_Library/Class/CDC/Src/usbd_cdc.o
                0x0000000008004a48                USBD_CDC_TransmitPacket
 .text.USBD_CDC_ReceivePacket
                0x0000000008004aa8       0x54 ./Middlewares/ST/STM32_USB_Device_Library/Class/CDC/Src/usbd_cdc.o
                0x0000000008004aa8                USBD_CDC_ReceivePacket
 .text.USBD_Init
                0x0000000008004afc       0x60 ./Middlewares/ST/STM32_USB_Device_Library/Core/Src/usbd_core.o
                0x0000000008004afc                USBD_Init
 .text.USBD_RegisterClass
                0x0000000008004b5c       0x4e ./Middlewares/ST/STM32_USB_Device_Library/Core/Src/usbd_core.o
                0x0000000008004b5c                USBD_RegisterClass
 .text.USBD_Start
                0x0000000008004baa       0x18 ./Middlewares/ST/STM32_USB_Device_Library/Core/Src/usbd_core.o
                0x0000000008004baa                USBD_Start
 .text.USBD_RunTestMode
                0x0000000008004bc2       0x16 ./Middlewares/ST/STM32_USB_Device_Library/Core/Src/usbd_core.o
                0x0000000008004bc2                USBD_RunTestMode
 .text.USBD_SetClassConfig
                0x0000000008004bd8       0x38 ./Middlewares/ST/STM32_USB_Device_Library/Core/Src/usbd_core.o
                0x0000000008004bd8                USBD_SetClassConfig
 .text.USBD_ClrClassConfig
                0x0000000008004c10       0x30 ./Middlewares/ST/STM32_USB_Device_Library/Core/Src/usbd_core.o
                0x0000000008004c10                USBD_ClrClassConfig
 .text.USBD_LL_SetupStage
                0x0000000008004c40       0xaa ./Middlewares/ST/STM32_USB_Device_Library/Core/Src/usbd_core.o
                0x0000000008004c40                USBD_LL_SetupStage
 .text.USBD_LL_DataOutStage
                0x0000000008004cea       0xc6 ./Middlewares/ST/STM32_USB_Device_Library/Core/Src/usbd_core.o
                0x0000000008004cea                USBD_LL_DataOutStage
 .text.USBD_LL_DataInStage
                0x0000000008004db0      0x12c ./Middlewares/ST/STM32_USB_Device_Library/Core/Src/usbd_core.o
                0x0000000008004db0                USBD_LL_DataInStage
 .text.USBD_LL_Reset
                0x0000000008004edc       0x9c ./Middlewares/ST/STM32_USB_Device_Library/Core/Src/usbd_core.o
                0x0000000008004edc                USBD_LL_Reset
 .text.USBD_LL_SetSpeed
                0x0000000008004f78       0x20 ./Middlewares/ST/STM32_USB_Device_Library/Core/Src/usbd_core.o
                0x0000000008004f78                USBD_LL_SetSpeed
 .text.USBD_LL_Suspend
                0x0000000008004f98       0x2c ./Middlewares/ST/STM32_USB_Device_Library/Core/Src/usbd_core.o
                0x0000000008004f98                USBD_LL_Suspend
 .text.USBD_LL_Resume
                0x0000000008004fc4       0x30 ./Middlewares/ST/STM32_USB_Device_Library/Core/Src/usbd_core.o
                0x0000000008004fc4                USBD_LL_Resume
 .text.USBD_LL_SOF
                0x0000000008004ff4       0x44 ./Middlewares/ST/STM32_USB_Device_Library/Core/Src/usbd_core.o
                0x0000000008004ff4                USBD_LL_SOF
 .text.USBD_LL_IsoINIncomplete
                0x0000000008005038       0x4c ./Middlewares/ST/STM32_USB_Device_Library/Core/Src/usbd_core.o
                0x0000000008005038                USBD_LL_IsoINIncomplete
 .text.USBD_LL_IsoOUTIncomplete
                0x0000000008005084       0x4c ./Middlewares/ST/STM32_USB_Device_Library/Core/Src/usbd_core.o
                0x0000000008005084                USBD_LL_IsoOUTIncomplete
 .text.USBD_LL_DevConnected
                0x00000000080050d0       0x16 ./Middlewares/ST/STM32_USB_Device_Library/Core/Src/usbd_core.o
                0x00000000080050d0                USBD_LL_DevConnected
 .text.USBD_LL_DevDisconnected
                0x00000000080050e6       0x38 ./Middlewares/ST/STM32_USB_Device_Library/Core/Src/usbd_core.o
                0x00000000080050e6                USBD_LL_DevDisconnected
 .text.SWAPBYTE
                0x000000000800511e       0x3c ./Middlewares/ST/STM32_USB_Device_Library/Core/Src/usbd_ctlreq.o
 *fill*         0x000000000800515a        0x2 
 .text.USBD_StdDevReq
                0x000000000800515c       0xdc ./Middlewares/ST/STM32_USB_Device_Library/Core/Src/usbd_ctlreq.o
                0x000000000800515c                USBD_StdDevReq
 .text.USBD_StdItfReq
                0x0000000008005238       0x92 ./Middlewares/ST/STM32_USB_Device_Library/Core/Src/usbd_ctlreq.o
                0x0000000008005238                USBD_StdItfReq
 .text.USBD_StdEPReq
                0x00000000080052ca      0x2c4 ./Middlewares/ST/STM32_USB_Device_Library/Core/Src/usbd_ctlreq.o
                0x00000000080052ca                USBD_StdEPReq
 *fill*         0x000000000800558e        0x2 
 .text.USBD_GetDescriptor
                0x0000000008005590      0x2d4 ./Middlewares/ST/STM32_USB_Device_Library/Core/Src/usbd_ctlreq.o
 .text.USBD_SetAddress
                0x0000000008005864       0x88 ./Middlewares/ST/STM32_USB_Device_Library/Core/Src/usbd_ctlreq.o
 .text.USBD_SetConfig
                0x00000000080058ec      0x14c ./Middlewares/ST/STM32_USB_Device_Library/Core/Src/usbd_ctlreq.o
 .text.USBD_GetConfig
                0x0000000008005a38       0x6c ./Middlewares/ST/STM32_USB_Device_Library/Core/Src/usbd_ctlreq.o
 .text.USBD_GetStatus
                0x0000000008005aa4       0x68 ./Middlewares/ST/STM32_USB_Device_Library/Core/Src/usbd_ctlreq.o
 .text.USBD_SetFeature
                0x0000000008005b0c       0x28 ./Middlewares/ST/STM32_USB_Device_Library/Core/Src/usbd_ctlreq.o
 .text.USBD_ClrFeature
                0x0000000008005b34       0x44 ./Middlewares/ST/STM32_USB_Device_Library/Core/Src/usbd_ctlreq.o
 .text.USBD_ParseSetupRequest
                0x0000000008005b78       0x74 ./Middlewares/ST/STM32_USB_Device_Library/Core/Src/usbd_ctlreq.o
                0x0000000008005b78                USBD_ParseSetupRequest
 .text.USBD_CtlError
                0x0000000008005bec       0x22 ./Middlewares/ST/STM32_USB_Device_Library/Core/Src/usbd_ctlreq.o
                0x0000000008005bec                USBD_CtlError
 .text.USBD_GetString
                0x0000000008005c0e       0x8c ./Middlewares/ST/STM32_USB_Device_Library/Core/Src/usbd_ctlreq.o
                0x0000000008005c0e                USBD_GetString
 .text.USBD_GetLen
                0x0000000008005c9a       0x34 ./Middlewares/ST/STM32_USB_Device_Library/Core/Src/usbd_ctlreq.o
 .text.USBD_CtlSendData
                0x0000000008005cce       0x36 ./Middlewares/ST/STM32_USB_Device_Library/Core/Src/usbd_ioreq.o
                0x0000000008005cce                USBD_CtlSendData
 .text.USBD_CtlContinueSendData
                0x0000000008005d04       0x22 ./Middlewares/ST/STM32_USB_Device_Library/Core/Src/usbd_ioreq.o
                0x0000000008005d04                USBD_CtlContinueSendData
 .text.USBD_CtlPrepareRx
                0x0000000008005d26       0x3a ./Middlewares/ST/STM32_USB_Device_Library/Core/Src/usbd_ioreq.o
                0x0000000008005d26                USBD_CtlPrepareRx
 .text.USBD_CtlContinueRx
                0x0000000008005d60       0x22 ./Middlewares/ST/STM32_USB_Device_Library/Core/Src/usbd_ioreq.o
                0x0000000008005d60                USBD_CtlContinueRx
 .text.USBD_CtlSendStatus
                0x0000000008005d82       0x26 ./Middlewares/ST/STM32_USB_Device_Library/Core/Src/usbd_ioreq.o
                0x0000000008005d82                USBD_CtlSendStatus
 .text.USBD_CtlReceiveStatus
                0x0000000008005da8       0x26 ./Middlewares/ST/STM32_USB_Device_Library/Core/Src/usbd_ioreq.o
                0x0000000008005da8                USBD_CtlReceiveStatus
 *fill*         0x0000000008005dce        0x2 
 .text.MX_USB_DEVICE_Init
                0x0000000008005dd0       0x60 ./USB_DEVICE/App/usb_device.o
                0x0000000008005dd0                MX_USB_DEVICE_Init
 .text.CDC_Init_FS
                0x0000000008005e30       0x28 ./USB_DEVICE/App/usbd_cdc_if.o
 .text.CDC_DeInit_FS
                0x0000000008005e58       0x10 ./USB_DEVICE/App/usbd_cdc_if.o
 .text.CDC_Control_FS
                0x0000000008005e68       0xbc ./USB_DEVICE/App/usbd_cdc_if.o
 .text.CDC_Receive_FS
                0x0000000008005f24       0x28 ./USB_DEVICE/App/usbd_cdc_if.o
 .text.CDC_Transmit_FS
                0x0000000008005f4c       0x4c ./USB_DEVICE/App/usbd_cdc_if.o
                0x0000000008005f4c                CDC_Transmit_FS
 .text.CDC_TransmitCplt_FS
                0x0000000008005f98       0x22 ./USB_DEVICE/App/usbd_cdc_if.o
 *fill*         0x0000000008005fba        0x2 
 .text.USBD_FS_DeviceDescriptor
                0x0000000008005fbc       0x24 ./USB_DEVICE/App/usbd_desc.o
                0x0000000008005fbc                USBD_FS_DeviceDescriptor
 .text.USBD_FS_LangIDStrDescriptor
                0x0000000008005fe0       0x24 ./USB_DEVICE/App/usbd_desc.o
                0x0000000008005fe0                USBD_FS_LangIDStrDescriptor
 .text.USBD_FS_ProductStrDescriptor
                0x0000000008006004       0x3c ./USB_DEVICE/App/usbd_desc.o
                0x0000000008006004                USBD_FS_ProductStrDescriptor
 .text.USBD_FS_ManufacturerStrDescriptor
                0x0000000008006040       0x28 ./USB_DEVICE/App/usbd_desc.o
                0x0000000008006040                USBD_FS_ManufacturerStrDescriptor
 .text.USBD_FS_SerialStrDescriptor
                0x0000000008006068       0x24 ./USB_DEVICE/App/usbd_desc.o
                0x0000000008006068                USBD_FS_SerialStrDescriptor
 .text.USBD_FS_ConfigStrDescriptor
                0x000000000800608c       0x3c ./USB_DEVICE/App/usbd_desc.o
                0x000000000800608c                USBD_FS_ConfigStrDescriptor
 .text.USBD_FS_InterfaceStrDescriptor
                0x00000000080060c8       0x3c ./USB_DEVICE/App/usbd_desc.o
                0x00000000080060c8                USBD_FS_InterfaceStrDescriptor
 .text.Get_SerialNum
                0x0000000008006104       0x58 ./USB_DEVICE/App/usbd_desc.o
 .text.IntToUnicode
                0x000000000800615c       0x7e ./USB_DEVICE/App/usbd_desc.o
 *fill*         0x00000000080061da        0x2 
 .text.HAL_PCD_MspInit
                0x00000000080061dc       0xa8 ./USB_DEVICE/Target/usbd_conf.o
                0x00000000080061dc                HAL_PCD_MspInit
 .text.HAL_PCD_SetupStageCallback
                0x0000000008006284       0x24 ./USB_DEVICE/Target/usbd_conf.o
                0x0000000008006284                HAL_PCD_SetupStageCallback
 .text.HAL_PCD_DataOutStageCallback
                0x00000000080062a8       0x36 ./USB_DEVICE/Target/usbd_conf.o
                0x00000000080062a8                HAL_PCD_DataOutStageCallback
 .text.HAL_PCD_DataInStageCallback
                0x00000000080062de       0x34 ./USB_DEVICE/Target/usbd_conf.o
                0x00000000080062de                HAL_PCD_DataInStageCallback
 .text.HAL_PCD_SOFCallback
                0x0000000008006312       0x1c ./USB_DEVICE/Target/usbd_conf.o
                0x0000000008006312                HAL_PCD_SOFCallback
 .text.HAL_PCD_ResetCallback
                0x000000000800632e       0x50 ./USB_DEVICE/Target/usbd_conf.o
                0x000000000800632e                HAL_PCD_ResetCallback
 *fill*         0x000000000800637e        0x2 
 .text.HAL_PCD_SuspendCallback
                0x0000000008006380       0x4c ./USB_DEVICE/Target/usbd_conf.o
                0x0000000008006380                HAL_PCD_SuspendCallback
 .text.HAL_PCD_ResumeCallback
                0x00000000080063cc       0x1c ./USB_DEVICE/Target/usbd_conf.o
                0x00000000080063cc                HAL_PCD_ResumeCallback
 .text.HAL_PCD_ISOOUTIncompleteCallback
                0x00000000080063e8       0x24 ./USB_DEVICE/Target/usbd_conf.o
                0x00000000080063e8                HAL_PCD_ISOOUTIncompleteCallback
 .text.HAL_PCD_ISOINIncompleteCallback
                0x000000000800640c       0x24 ./USB_DEVICE/Target/usbd_conf.o
                0x000000000800640c                HAL_PCD_ISOINIncompleteCallback
 .text.HAL_PCD_ConnectCallback
                0x0000000008006430       0x1c ./USB_DEVICE/Target/usbd_conf.o
                0x0000000008006430                HAL_PCD_ConnectCallback
 .text.HAL_PCD_DisconnectCallback
                0x000000000800644c       0x1c ./USB_DEVICE/Target/usbd_conf.o
                0x000000000800644c                HAL_PCD_DisconnectCallback
 .text.USBD_LL_Init
                0x0000000008006468       0x98 ./USB_DEVICE/Target/usbd_conf.o
                0x0000000008006468                USBD_LL_Init
 .text.USBD_LL_Start
                0x0000000008006500       0x36 ./USB_DEVICE/Target/usbd_conf.o
                0x0000000008006500                USBD_LL_Start
 .text.USBD_LL_OpenEP
                0x0000000008006536       0x4c ./USB_DEVICE/Target/usbd_conf.o
                0x0000000008006536                USBD_LL_OpenEP
 .text.USBD_LL_CloseEP
                0x0000000008006582       0x3e ./USB_DEVICE/Target/usbd_conf.o
                0x0000000008006582                USBD_LL_CloseEP
 .text.USBD_LL_StallEP
                0x00000000080065c0       0x3e ./USB_DEVICE/Target/usbd_conf.o
                0x00000000080065c0                USBD_LL_StallEP
 .text.USBD_LL_ClearStallEP
                0x00000000080065fe       0x3e ./USB_DEVICE/Target/usbd_conf.o
                0x00000000080065fe                USBD_LL_ClearStallEP
 .text.USBD_LL_IsStallEP
                0x000000000800663c       0x58 ./USB_DEVICE/Target/usbd_conf.o
                0x000000000800663c                USBD_LL_IsStallEP
 .text.USBD_LL_SetUSBAddress
                0x0000000008006694       0x3e ./USB_DEVICE/Target/usbd_conf.o
                0x0000000008006694                USBD_LL_SetUSBAddress
 .text.USBD_LL_Transmit
                0x00000000080066d2       0x42 ./USB_DEVICE/Target/usbd_conf.o
                0x00000000080066d2                USBD_LL_Transmit
 .text.USBD_LL_PrepareReceive
                0x0000000008006714       0x42 ./USB_DEVICE/Target/usbd_conf.o
                0x0000000008006714                USBD_LL_PrepareReceive
 .text.USBD_LL_GetRxDataSize
                0x0000000008006756       0x26 ./USB_DEVICE/Target/usbd_conf.o
                0x0000000008006756                USBD_LL_GetRxDataSize
 .text.USBD_static_malloc
                0x000000000800677c       0x1c ./USB_DEVICE/Target/usbd_conf.o
                0x000000000800677c                USBD_static_malloc
 .text.USBD_static_free
                0x0000000008006798       0x14 ./USB_DEVICE/Target/usbd_conf.o
                0x0000000008006798                USBD_static_free
 .text.USBD_Get_USB_Status
                0x00000000080067ac       0x58 ./USB_DEVICE/Target/usbd_conf.o
                0x00000000080067ac                USBD_Get_USB_Status
 .text.__libc_init_array
                0x0000000008006804       0x48 /home/saul/st/stm32cubeide_1.7.0/plugins/com.st.stm32cube.ide.mcu.externaltools.gnu-tools-for-stm32.9-2020-q2-update.linux64_2.0.0.202105311346/tools/bin/../lib/gcc/arm-none-eabi/9.3.1/../../../../arm-none-eabi/lib/thumb/v7e-m+fp/hard/libc_nano.a(lib_a-init.o)
                0x0000000008006804                __libc_init_array
 .text.memset   0x000000000800684c       0x10 /home/saul/st/stm32cubeide_1.7.0/plugins/com.st.stm32cube.ide.mcu.externaltools.gnu-tools-for-stm32.9-2020-q2-update.linux64_2.0.0.202105311346/tools/bin/../lib/gcc/arm-none-eabi/9.3.1/../../../../arm-none-eabi/lib/thumb/v7e-m+fp/hard/libc_nano.a(lib_a-memset.o)
                0x000000000800684c                memset
 *(.glue_7)
 .glue_7        0x000000000800685c        0x0 linker stubs
 *(.glue_7t)
 .glue_7t       0x000000000800685c        0x0 linker stubs
 *(.eh_frame)
 .eh_frame      0x000000000800685c        0x0 /home/saul/st/stm32cubeide_1.7.0/plugins/com.st.stm32cube.ide.mcu.externaltools.gnu-tools-for-stm32.9-2020-q2-update.linux64_2.0.0.202105311346/tools/bin/../lib/gcc/arm-none-eabi/9.3.1/thumb/v7e-m+fp/hard/crtbegin.o
 *(.init)
 .init          0x000000000800685c        0x4 /home/saul/st/stm32cubeide_1.7.0/plugins/com.st.stm32cube.ide.mcu.externaltools.gnu-tools-for-stm32.9-2020-q2-update.linux64_2.0.0.202105311346/tools/bin/../lib/gcc/arm-none-eabi/9.3.1/thumb/v7e-m+fp/hard/crti.o
                0x000000000800685c                _init
 .init          0x0000000008006860        0x8 /home/saul/st/stm32cubeide_1.7.0/plugins/com.st.stm32cube.ide.mcu.externaltools.gnu-tools-for-stm32.9-2020-q2-update.linux64_2.0.0.202105311346/tools/bin/../lib/gcc/arm-none-eabi/9.3.1/thumb/v7e-m+fp/hard/crtn.o
 *(.fini)
 .fini          0x0000000008006868        0x4 /home/saul/st/stm32cubeide_1.7.0/plugins/com.st.stm32cube.ide.mcu.externaltools.gnu-tools-for-stm32.9-2020-q2-update.linux64_2.0.0.202105311346/tools/bin/../lib/gcc/arm-none-eabi/9.3.1/thumb/v7e-m+fp/hard/crti.o
                0x0000000008006868                _fini
 .fini          0x000000000800686c        0x8 /home/saul/st/stm32cubeide_1.7.0/plugins/com.st.stm32cube.ide.mcu.externaltools.gnu-tools-for-stm32.9-2020-q2-update.linux64_2.0.0.202105311346/tools/bin/../lib/gcc/arm-none-eabi/9.3.1/thumb/v7e-m+fp/hard/crtn.o
                0x0000000008006874                . = ALIGN (0x4)
                0x0000000008006874                _etext = .

.vfp11_veneer   0x0000000008006874        0x0
 .vfp11_veneer  0x0000000008006874        0x0 linker stubs

.v4_bx          0x0000000008006874        0x0
 .v4_bx         0x0000000008006874        0x0 linker stubs

.iplt           0x0000000008006874        0x0
 .iplt          0x0000000008006874        0x0 /home/saul/st/stm32cubeide_1.7.0/plugins/com.st.stm32cube.ide.mcu.externaltools.gnu-tools-for-stm32.9-2020-q2-update.linux64_2.0.0.202105311346/tools/bin/../lib/gcc/arm-none-eabi/9.3.1/thumb/v7e-m+fp/hard/crtbegin.o

.rodata         0x0000000008006874       0x78
                0x0000000008006874                . = ALIGN (0x4)
 *(.rodata)
 .rodata        0x0000000008006874       0x17 ./Core/Src/main.o
 *fill*         0x000000000800688b        0x1 
 .rodata        0x000000000800688c       0x46 ./USB_DEVICE/App/usbd_desc.o
 *(.rodata*)
 *fill*         0x00000000080068d2        0x2 
 .rodata.AHBPrescTable
                0x00000000080068d4       0x10 ./Core/Src/system_stm32f4xx.o
                0x00000000080068d4                AHBPrescTable
 .rodata.APBPrescTable
                0x00000000080068e4        0x8 ./Core/Src/system_stm32f4xx.o
                0x00000000080068e4                APBPrescTable
                0x00000000080068ec                . = ALIGN (0x4)

.ARM.extab      0x00000000080068ec        0x0
                0x00000000080068ec                . = ALIGN (0x4)
 *(.ARM.extab* .gnu.linkonce.armextab.*)
                0x00000000080068ec                . = ALIGN (0x4)

.ARM            0x00000000080068ec        0x8
                0x00000000080068ec                . = ALIGN (0x4)
                0x00000000080068ec                __exidx_start = .
 *(.ARM.exidx*)
 .ARM.exidx     0x00000000080068ec        0x8 /home/saul/st/stm32cubeide_1.7.0/plugins/com.st.stm32cube.ide.mcu.externaltools.gnu-tools-for-stm32.9-2020-q2-update.linux64_2.0.0.202105311346/tools/bin/../lib/gcc/arm-none-eabi/9.3.1/thumb/v7e-m+fp/hard/libgcc.a(_udivmoddi4.o)
                0x00000000080068f4                __exidx_end = .
                0x00000000080068f4                . = ALIGN (0x4)

.rel.dyn        0x00000000080068f4        0x0
 .rel.iplt      0x00000000080068f4        0x0 /home/saul/st/stm32cubeide_1.7.0/plugins/com.st.stm32cube.ide.mcu.externaltools.gnu-tools-for-stm32.9-2020-q2-update.linux64_2.0.0.202105311346/tools/bin/../lib/gcc/arm-none-eabi/9.3.1/thumb/v7e-m+fp/hard/crtbegin.o

.preinit_array  0x00000000080068f4        0x0
                0x00000000080068f4                . = ALIGN (0x4)
                0x00000000080068f4                PROVIDE (__preinit_array_start = .)
 *(.preinit_array*)
                0x00000000080068f4                PROVIDE (__preinit_array_end = .)
                0x00000000080068f4                . = ALIGN (0x4)

.init_array     0x00000000080068f4        0x4
                0x00000000080068f4                . = ALIGN (0x4)
                0x00000000080068f4                PROVIDE (__init_array_start = .)
 *(SORT_BY_NAME(.init_array.*))
 *(.init_array*)
 .init_array    0x00000000080068f4        0x4 /home/saul/st/stm32cubeide_1.7.0/plugins/com.st.stm32cube.ide.mcu.externaltools.gnu-tools-for-stm32.9-2020-q2-update.linux64_2.0.0.202105311346/tools/bin/../lib/gcc/arm-none-eabi/9.3.1/thumb/v7e-m+fp/hard/crtbegin.o
                0x00000000080068f8                PROVIDE (__init_array_end = .)
                0x00000000080068f8                . = ALIGN (0x4)

.fini_array     0x00000000080068f8        0x4
                0x00000000080068f8                . = ALIGN (0x4)
                [!provide]                        PROVIDE (__fini_array_start = .)
 *(SORT_BY_NAME(.fini_array.*))
 *(.fini_array*)
 .fini_array    0x00000000080068f8        0x4 /home/saul/st/stm32cubeide_1.7.0/plugins/com.st.stm32cube.ide.mcu.externaltools.gnu-tools-for-stm32.9-2020-q2-update.linux64_2.0.0.202105311346/tools/bin/../lib/gcc/arm-none-eabi/9.3.1/thumb/v7e-m+fp/hard/crtbegin.o
                [!provide]                        PROVIDE (__fini_array_end = .)
                0x00000000080068fc                . = ALIGN (0x4)
                0x00000000080068fc                _sidata = LOADADDR (.data)

.data           0x0000000020000000      0x180 load address 0x00000000080068fc
                0x0000000020000000                . = ALIGN (0x4)
                0x0000000020000000                _sdata = .
 *(.data)
 *(.data*)
 .data.SystemCoreClock
                0x0000000020000000        0x4 ./Core/Src/system_stm32f4xx.o
                0x0000000020000000                SystemCoreClock
 .data.uwTickPrio
                0x0000000020000004        0x4 ./Drivers/STM32F4xx_HAL_Driver/Src/stm32f4xx_hal.o
                0x0000000020000004                uwTickPrio
 .data.uwTickFreq
                0x0000000020000008        0x1 ./Drivers/STM32F4xx_HAL_Driver/Src/stm32f4xx_hal.o
                0x0000000020000008                uwTickFreq
 *fill*         0x0000000020000009        0x3 
 .data.USBD_CDC_DeviceQualifierDesc
                0x000000002000000c        0xa ./Middlewares/ST/STM32_USB_Device_Library/Class/CDC/Src/usbd_cdc.o
 *fill*         0x0000000020000016        0x2 
 .data.USBD_CDC
                0x0000000020000018       0x38 ./Middlewares/ST/STM32_USB_Device_Library/Class/CDC/Src/usbd_cdc.o
                0x0000000020000018                USBD_CDC
 .data.USBD_CDC_CfgHSDesc
                0x0000000020000050       0x43 ./Middlewares/ST/STM32_USB_Device_Library/Class/CDC/Src/usbd_cdc.o
 *fill*         0x0000000020000093        0x1 
 .data.USBD_CDC_CfgFSDesc
                0x0000000020000094       0x43 ./Middlewares/ST/STM32_USB_Device_Library/Class/CDC/Src/usbd_cdc.o
 *fill*         0x00000000200000d7        0x1 
 .data.USBD_CDC_OtherSpeedCfgDesc
                0x00000000200000d8       0x43 ./Middlewares/ST/STM32_USB_Device_Library/Class/CDC/Src/usbd_cdc.o
 *fill*         0x000000002000011b        0x1 
 .data.USBD_Interface_fops_FS
                0x000000002000011c       0x14 ./USB_DEVICE/App/usbd_cdc_if.o
                0x000000002000011c                USBD_Interface_fops_FS
 .data.FS_Desc  0x0000000020000130       0x1c ./USB_DEVICE/App/usbd_desc.o
                0x0000000020000130                FS_Desc
 .data.USBD_FS_DeviceDesc
                0x000000002000014c       0x12 ./USB_DEVICE/App/usbd_desc.o
                0x000000002000014c                USBD_FS_DeviceDesc
 *fill*         0x000000002000015e        0x2 
 .data.USBD_LangIDDesc
                0x0000000020000160        0x4 ./USB_DEVICE/App/usbd_desc.o
                0x0000000020000160                USBD_LangIDDesc
 .data.USBD_StringSerial
                0x0000000020000164       0x1a ./USB_DEVICE/App/usbd_desc.o
                0x0000000020000164                USBD_StringSerial
 *(.RamFunc)
 *(.RamFunc*)
                0x0000000020000180                . = ALIGN (0x4)
 *fill*         0x000000002000017e        0x2 
                0x0000000020000180                _edata = .
                0x0000000008006a7c                _siccmram = LOADADDR (.ccmram)

.igot.plt       0x0000000020000180        0x0 load address 0x0000000008006a7c
 .igot.plt      0x0000000020000180        0x0 /home/saul/st/stm32cubeide_1.7.0/plugins/com.st.stm32cube.ide.mcu.externaltools.gnu-tools-for-stm32.9-2020-q2-update.linux64_2.0.0.202105311346/tools/bin/../lib/gcc/arm-none-eabi/9.3.1/thumb/v7e-m+fp/hard/crtbegin.o

.ccmram         0x0000000010000000        0x0 load address 0x0000000008006a7c
                0x0000000010000000                . = ALIGN (0x4)
                0x0000000010000000                _sccmram = .
 *(.ccmram)
 *(.ccmram*)
                0x0000000010000000                . = ALIGN (0x4)
                0x0000000010000000                _eccmram = .
                0x0000000010000000                . = ALIGN (0x4)

.bss            0x0000000020000180     0x1b70
                0x0000000020000180                _sbss = .
                0x0000000020000180                __bss_start__ = _sbss
 *(.bss)
 .bss           0x0000000020000180       0x1c /home/saul/st/stm32cubeide_1.7.0/plugins/com.st.stm32cube.ide.mcu.externaltools.gnu-tools-for-stm32.9-2020-q2-update.linux64_2.0.0.202105311346/tools/bin/../lib/gcc/arm-none-eabi/9.3.1/thumb/v7e-m+fp/hard/crtbegin.o
 *(.bss*)
 .bss.cfgidx.10079
                0x000000002000019c        0x1 ./Middlewares/ST/STM32_USB_Device_Library/Core/Src/usbd_ctlreq.o
 *fill*         0x000000002000019d        0x3 
 .bss.mem.10148
                0x00000000200001a0      0x220 ./USB_DEVICE/Target/usbd_conf.o
 *(COMMON)
 COMMON         0x00000000200003c0       0x54 ./Core/Src/main.o
                0x00000000200003c0                hi2c1
 COMMON         0x0000000020000414        0x4 ./Drivers/STM32F4xx_HAL_Driver/Src/stm32f4xx_hal.o
                0x0000000020000414                uwTick
 COMMON         0x0000000020000418      0x2d0 ./USB_DEVICE/App/usb_device.o
                0x0000000020000418                hUsbDeviceFS
 COMMON         0x00000000200006e8     0x1000 ./USB_DEVICE/App/usbd_cdc_if.o
                0x00000000200006e8                UserRxBufferFS
                0x0000000020000ee8                UserTxBufferFS
 COMMON         0x00000000200016e8      0x200 ./USB_DEVICE/App/usbd_desc.o
                0x00000000200016e8                USBD_StrDesc
 COMMON         0x00000000200018e8      0x408 ./USB_DEVICE/Target/usbd_conf.o
                0x00000000200018e8                hpcd_USB_OTG_FS
                0x0000000020001cf0                . = ALIGN (0x4)
                0x0000000020001cf0                _ebss = .
                0x0000000020001cf0                __bss_end__ = _ebss

._user_heap_stack
                0x0000000020001cf0      0x600
                0x0000000020001cf0                . = ALIGN (0x8)
                [!provide]                        PROVIDE (end = .)
                0x0000000020001cf0                PROVIDE (_end = .)
                0x0000000020001ef0                . = (. + _Min_Heap_Size)
 *fill*         0x0000000020001cf0      0x200 
                0x00000000200022f0                . = (. + _Min_Stack_Size)
 *fill*         0x0000000020001ef0      0x400 
                0x00000000200022f0                . = ALIGN (0x8)

/DISCARD/
 libc.a(*)
 libm.a(*)
 libgcc.a(*)

.ARM.attributes
                0x0000000000000000       0x30
 *(.ARM.attributes)
 .ARM.attributes
                0x0000000000000000       0x1e /home/saul/st/stm32cubeide_1.7.0/plugins/com.st.stm32cube.ide.mcu.externaltools.gnu-tools-for-stm32.9-2020-q2-update.linux64_2.0.0.202105311346/tools/bin/../lib/gcc/arm-none-eabi/9.3.1/thumb/v7e-m+fp/hard/crti.o
 .ARM.attributes
                0x000000000000001e       0x34 /home/saul/st/stm32cubeide_1.7.0/plugins/com.st.stm32cube.ide.mcu.externaltools.gnu-tools-for-stm32.9-2020-q2-update.linux64_2.0.0.202105311346/tools/bin/../lib/gcc/arm-none-eabi/9.3.1/thumb/v7e-m+fp/hard/crtbegin.o
 .ARM.attributes
                0x0000000000000052       0x34 ./Core/Src/main.o
 .ARM.attributes
                0x0000000000000086       0x34 ./Core/Src/stm32f4xx_hal_msp.o
 .ARM.attributes
                0x00000000000000ba       0x34 ./Core/Src/stm32f4xx_it.o
 .ARM.attributes
                0x00000000000000ee       0x34 ./Core/Src/system_stm32f4xx.o
 .ARM.attributes
                0x0000000000000122       0x21 ./Core/Startup/startup_stm32f405rgtx.o
 .ARM.attributes
                0x0000000000000143       0x34 ./Drivers/STM32F4xx_HAL_Driver/Src/stm32f4xx_hal.o
 .ARM.attributes
                0x0000000000000177       0x34 ./Drivers/STM32F4xx_HAL_Driver/Src/stm32f4xx_hal_cortex.o
 .ARM.attributes
                0x00000000000001ab       0x34 ./Drivers/STM32F4xx_HAL_Driver/Src/stm32f4xx_hal_gpio.o
 .ARM.attributes
                0x00000000000001df       0x34 ./Drivers/STM32F4xx_HAL_Driver/Src/stm32f4xx_hal_i2c.o
 .ARM.attributes
                0x0000000000000213       0x34 ./Drivers/STM32F4xx_HAL_Driver/Src/stm32f4xx_hal_pcd.o
 .ARM.attributes
                0x0000000000000247       0x34 ./Drivers/STM32F4xx_HAL_Driver/Src/stm32f4xx_hal_pcd_ex.o
 .ARM.attributes
                0x000000000000027b       0x34 ./Drivers/STM32F4xx_HAL_Driver/Src/stm32f4xx_hal_rcc.o
 .ARM.attributes
                0x00000000000002af       0x34 ./Drivers/STM32F4xx_HAL_Driver/Src/stm32f4xx_ll_usb.o
 .ARM.attributes
                0x00000000000002e3       0x34 ./Middlewares/ST/STM32_USB_Device_Library/Class/CDC/Src/usbd_cdc.o
 .ARM.attributes
                0x0000000000000317       0x34 ./Middlewares/ST/STM32_USB_Device_Library/Core/Src/usbd_core.o
 .ARM.attributes
                0x000000000000034b       0x34 ./Middlewares/ST/STM32_USB_Device_Library/Core/Src/usbd_ctlreq.o
 .ARM.attributes
                0x000000000000037f       0x34 ./Middlewares/ST/STM32_USB_Device_Library/Core/Src/usbd_ioreq.o
 .ARM.attributes
                0x00000000000003b3       0x34 ./USB_DEVICE/App/usb_device.o
 .ARM.attributes
                0x00000000000003e7       0x34 ./USB_DEVICE/App/usbd_cdc_if.o
 .ARM.attributes
                0x000000000000041b       0x34 ./USB_DEVICE/App/usbd_desc.o
 .ARM.attributes
                0x000000000000044f       0x34 ./USB_DEVICE/Target/usbd_conf.o
 .ARM.attributes
                0x0000000000000483       0x34 /home/saul/st/stm32cubeide_1.7.0/plugins/com.st.stm32cube.ide.mcu.externaltools.gnu-tools-for-stm32.9-2020-q2-update.linux64_2.0.0.202105311346/tools/bin/../lib/gcc/arm-none-eabi/9.3.1/../../../../arm-none-eabi/lib/thumb/v7e-m+fp/hard/libc_nano.a(lib_a-init.o)
 .ARM.attributes
                0x00000000000004b7       0x34 /home/saul/st/stm32cubeide_1.7.0/plugins/com.st.stm32cube.ide.mcu.externaltools.gnu-tools-for-stm32.9-2020-q2-update.linux64_2.0.0.202105311346/tools/bin/../lib/gcc/arm-none-eabi/9.3.1/../../../../arm-none-eabi/lib/thumb/v7e-m+fp/hard/libc_nano.a(lib_a-memset.o)
 .ARM.attributes
                0x00000000000004eb       0x1e /home/saul/st/stm32cubeide_1.7.0/plugins/com.st.stm32cube.ide.mcu.externaltools.gnu-tools-for-stm32.9-2020-q2-update.linux64_2.0.0.202105311346/tools/bin/../lib/gcc/arm-none-eabi/9.3.1/thumb/v7e-m+fp/hard/libgcc.a(_aeabi_uldivmod.o)
 .ARM.attributes
                0x0000000000000509       0x34 /home/saul/st/stm32cubeide_1.7.0/plugins/com.st.stm32cube.ide.mcu.externaltools.gnu-tools-for-stm32.9-2020-q2-update.linux64_2.0.0.202105311346/tools/bin/../lib/gcc/arm-none-eabi/9.3.1/thumb/v7e-m+fp/hard/libgcc.a(_udivmoddi4.o)
 .ARM.attributes
                0x000000000000053d       0x1e /home/saul/st/stm32cubeide_1.7.0/plugins/com.st.stm32cube.ide.mcu.externaltools.gnu-tools-for-stm32.9-2020-q2-update.linux64_2.0.0.202105311346/tools/bin/../lib/gcc/arm-none-eabi/9.3.1/thumb/v7e-m+fp/hard/libgcc.a(_dvmd_tls.o)
 .ARM.attributes
                0x000000000000055b       0x1e /home/saul/st/stm32cubeide_1.7.0/plugins/com.st.stm32cube.ide.mcu.externaltools.gnu-tools-for-stm32.9-2020-q2-update.linux64_2.0.0.202105311346/tools/bin/../lib/gcc/arm-none-eabi/9.3.1/thumb/v7e-m+fp/hard/crtn.o
OUTPUT(feather-setup.elf elf32-littlearm)
LOAD linker stubs
LOAD /home/saul/st/stm32cubeide_1.7.0/plugins/com.st.stm32cube.ide.mcu.externaltools.gnu-tools-for-stm32.9-2020-q2-update.linux64_2.0.0.202105311346/tools/bin/../lib/gcc/arm-none-eabi/9.3.1/../../../../arm-none-eabi/lib/thumb/v7e-m+fp/hard/libc.a
LOAD /home/saul/st/stm32cubeide_1.7.0/plugins/com.st.stm32cube.ide.mcu.externaltools.gnu-tools-for-stm32.9-2020-q2-update.linux64_2.0.0.202105311346/tools/bin/../lib/gcc/arm-none-eabi/9.3.1/../../../../arm-none-eabi/lib/thumb/v7e-m+fp/hard/libm.a
LOAD /home/saul/st/stm32cubeide_1.7.0/plugins/com.st.stm32cube.ide.mcu.externaltools.gnu-tools-for-stm32.9-2020-q2-update.linux64_2.0.0.202105311346/tools/bin/../lib/gcc/arm-none-eabi/9.3.1/thumb/v7e-m+fp/hard/libgcc.a

.debug_info     0x0000000000000000    0x15688
 .debug_info    0x0000000000000000     0x15aa ./Core/Src/main.o
 .debug_info    0x00000000000015aa      0xa73 ./Core/Src/stm32f4xx_hal_msp.o
 .debug_info    0x000000000000201d      0x6db ./Core/Src/stm32f4xx_it.o
 .debug_info    0x00000000000026f8      0x5a4 ./Core/Src/system_stm32f4xx.o
 .debug_info    0x0000000000002c9c       0x22 ./Core/Startup/startup_stm32f405rgtx.o
 .debug_info    0x0000000000002cbe      0x9a0 ./Drivers/STM32F4xx_HAL_Driver/Src/stm32f4xx_hal.o
 .debug_info    0x000000000000365e      0xec5 ./Drivers/STM32F4xx_HAL_Driver/Src/stm32f4xx_hal_cortex.o
 .debug_info    0x0000000000004523      0x83e ./Drivers/STM32F4xx_HAL_Driver/Src/stm32f4xx_hal_gpio.o
 .debug_info    0x0000000000004d61     0x264d ./Drivers/STM32F4xx_HAL_Driver/Src/stm32f4xx_hal_i2c.o
 .debug_info    0x00000000000073ae     0x12dd ./Drivers/STM32F4xx_HAL_Driver/Src/stm32f4xx_hal_pcd.o
 .debug_info    0x000000000000868b      0x7c3 ./Drivers/STM32F4xx_HAL_Driver/Src/stm32f4xx_hal_pcd_ex.o
 .debug_info    0x0000000000008e4e      0x996 ./Drivers/STM32F4xx_HAL_Driver/Src/stm32f4xx_hal_rcc.o
 .debug_info    0x00000000000097e4     0x1ab4 ./Drivers/STM32F4xx_HAL_Driver/Src/stm32f4xx_ll_usb.o
 .debug_info    0x000000000000b298     0x198b ./Middlewares/ST/STM32_USB_Device_Library/Class/CDC/Src/usbd_cdc.o
 .debug_info    0x000000000000cc23     0x13a7 ./Middlewares/ST/STM32_USB_Device_Library/Core/Src/usbd_core.o
 .debug_info    0x000000000000dfca     0x1373 ./Middlewares/ST/STM32_USB_Device_Library/Core/Src/usbd_ctlreq.o
 .debug_info    0x000000000000f33d     0x1095 ./Middlewares/ST/STM32_USB_Device_Library/Core/Src/usbd_ioreq.o
 .debug_info    0x00000000000103d2      0xffe ./USB_DEVICE/App/usb_device.o
 .debug_info    0x00000000000113d0     0x122f ./USB_DEVICE/App/usbd_cdc_if.o
 .debug_info    0x00000000000125ff      0xdfa ./USB_DEVICE/App/usbd_desc.o
 .debug_info    0x00000000000133f9     0x228f ./USB_DEVICE/Target/usbd_conf.o

.debug_abbrev   0x0000000000000000     0x303f
 .debug_abbrev  0x0000000000000000      0x2a6 ./Core/Src/main.o
 .debug_abbrev  0x00000000000002a6      0x1ac ./Core/Src/stm32f4xx_hal_msp.o
 .debug_abbrev  0x0000000000000452      0x184 ./Core/Src/stm32f4xx_it.o
 .debug_abbrev  0x00000000000005d6      0x145 ./Core/Src/system_stm32f4xx.o
 .debug_abbrev  0x000000000000071b       0x12 ./Core/Startup/startup_stm32f405rgtx.o
 .debug_abbrev  0x000000000000072d      0x1ed ./Drivers/STM32F4xx_HAL_Driver/Src/stm32f4xx_hal.o
 .debug_abbrev  0x000000000000091a      0x33c ./Drivers/STM32F4xx_HAL_Driver/Src/stm32f4xx_hal_cortex.o
 .debug_abbrev  0x0000000000000c56      0x1f1 ./Drivers/STM32F4xx_HAL_Driver/Src/stm32f4xx_hal_gpio.o
 .debug_abbrev  0x0000000000000e47      0x282 ./Drivers/STM32F4xx_HAL_Driver/Src/stm32f4xx_hal_i2c.o
 .debug_abbrev  0x00000000000010c9      0x2a0 ./Drivers/STM32F4xx_HAL_Driver/Src/stm32f4xx_hal_pcd.o
 .debug_abbrev  0x0000000000001369      0x1fb ./Drivers/STM32F4xx_HAL_Driver/Src/stm32f4xx_hal_pcd_ex.o
 .debug_abbrev  0x0000000000001564      0x275 ./Drivers/STM32F4xx_HAL_Driver/Src/stm32f4xx_hal_rcc.o
 .debug_abbrev  0x00000000000017d9      0x2a7 ./Drivers/STM32F4xx_HAL_Driver/Src/stm32f4xx_ll_usb.o
 .debug_abbrev  0x0000000000001a80      0x2fc ./Middlewares/ST/STM32_USB_Device_Library/Class/CDC/Src/usbd_cdc.o
 .debug_abbrev  0x0000000000001d7c      0x2b7 ./Middlewares/ST/STM32_USB_Device_Library/Core/Src/usbd_core.o
 .debug_abbrev  0x0000000000002033      0x2fc ./Middlewares/ST/STM32_USB_Device_Library/Core/Src/usbd_ctlreq.o
 .debug_abbrev  0x000000000000232f      0x22a ./Middlewares/ST/STM32_USB_Device_Library/Core/Src/usbd_ioreq.o
 .debug_abbrev  0x0000000000002559      0x204 ./USB_DEVICE/App/usb_device.o
 .debug_abbrev  0x000000000000275d      0x30c ./USB_DEVICE/App/usbd_cdc_if.o
 .debug_abbrev  0x0000000000002a69      0x2aa ./USB_DEVICE/App/usbd_desc.o
 .debug_abbrev  0x0000000000002d13      0x32c ./USB_DEVICE/Target/usbd_conf.o

.debug_aranges  0x0000000000000000      0xdb8
 .debug_aranges
                0x0000000000000000       0x40 ./Core/Src/main.o
 .debug_aranges
                0x0000000000000040       0x30 ./Core/Src/stm32f4xx_hal_msp.o
 .debug_aranges
                0x0000000000000070       0x68 ./Core/Src/stm32f4xx_it.o
 .debug_aranges
                0x00000000000000d8       0x28 ./Core/Src/system_stm32f4xx.o
 .debug_aranges
                0x0000000000000100       0x28 ./Core/Startup/startup_stm32f405rgtx.o
 .debug_aranges
                0x0000000000000128       0xf0 ./Drivers/STM32F4xx_HAL_Driver/Src/stm32f4xx_hal.o
 .debug_aranges
                0x0000000000000218      0x118 ./Drivers/STM32F4xx_HAL_Driver/Src/stm32f4xx_hal_cortex.o
 .debug_aranges
                0x0000000000000330       0x58 ./Drivers/STM32F4xx_HAL_Driver/Src/stm32f4xx_hal_gpio.o
 .debug_aranges
                0x0000000000000388      0x2a0 ./Drivers/STM32F4xx_HAL_Driver/Src/stm32f4xx_hal_i2c.o
 .debug_aranges
                0x0000000000000628      0x138 ./Drivers/STM32F4xx_HAL_Driver/Src/stm32f4xx_hal_pcd.o
 .debug_aranges
                0x0000000000000760       0x38 ./Drivers/STM32F4xx_HAL_Driver/Src/stm32f4xx_hal_pcd_ex.o
 .debug_aranges
                0x0000000000000798       0x88 ./Drivers/STM32F4xx_HAL_Driver/Src/stm32f4xx_hal_rcc.o
 .debug_aranges
                0x0000000000000820      0x198 ./Drivers/STM32F4xx_HAL_Driver/Src/stm32f4xx_ll_usb.o
 .debug_aranges
                0x00000000000009b8       0x90 ./Middlewares/ST/STM32_USB_Device_Library/Class/CDC/Src/usbd_cdc.o
 .debug_aranges
                0x0000000000000a48       0xb8 ./Middlewares/ST/STM32_USB_Device_Library/Core/Src/usbd_core.o
 .debug_aranges
                0x0000000000000b00       0x90 ./Middlewares/ST/STM32_USB_Device_Library/Core/Src/usbd_ctlreq.o
 .debug_aranges
                0x0000000000000b90       0x50 ./Middlewares/ST/STM32_USB_Device_Library/Core/Src/usbd_ioreq.o
 .debug_aranges
                0x0000000000000be0       0x20 ./USB_DEVICE/App/usb_device.o
 .debug_aranges
                0x0000000000000c00       0x48 ./USB_DEVICE/App/usbd_cdc_if.o
 .debug_aranges
                0x0000000000000c48       0x60 ./USB_DEVICE/App/usbd_desc.o
 .debug_aranges
                0x0000000000000ca8      0x110 ./USB_DEVICE/Target/usbd_conf.o

.debug_ranges   0x0000000000000000      0xc98
 .debug_ranges  0x0000000000000000       0x30 ./Core/Src/main.o
 .debug_ranges  0x0000000000000030       0x20 ./Core/Src/stm32f4xx_hal_msp.o
 .debug_ranges  0x0000000000000050       0x58 ./Core/Src/stm32f4xx_it.o
 .debug_ranges  0x00000000000000a8       0x18 ./Core/Src/system_stm32f4xx.o
 .debug_ranges  0x00000000000000c0       0x20 ./Core/Startup/startup_stm32f405rgtx.o
 .debug_ranges  0x00000000000000e0       0xe0 ./Drivers/STM32F4xx_HAL_Driver/Src/stm32f4xx_hal.o
 .debug_ranges  0x00000000000001c0      0x108 ./Drivers/STM32F4xx_HAL_Driver/Src/stm32f4xx_hal_cortex.o
 .debug_ranges  0x00000000000002c8       0x48 ./Drivers/STM32F4xx_HAL_Driver/Src/stm32f4xx_hal_gpio.o
 .debug_ranges  0x0000000000000310      0x2b8 ./Drivers/STM32F4xx_HAL_Driver/Src/stm32f4xx_hal_i2c.o
 .debug_ranges  0x00000000000005c8      0x128 ./Drivers/STM32F4xx_HAL_Driver/Src/stm32f4xx_hal_pcd.o
 .debug_ranges  0x00000000000006f0       0x28 ./Drivers/STM32F4xx_HAL_Driver/Src/stm32f4xx_hal_pcd_ex.o
 .debug_ranges  0x0000000000000718       0x78 ./Drivers/STM32F4xx_HAL_Driver/Src/stm32f4xx_hal_rcc.o
 .debug_ranges  0x0000000000000790      0x188 ./Drivers/STM32F4xx_HAL_Driver/Src/stm32f4xx_ll_usb.o
 .debug_ranges  0x0000000000000918       0x80 ./Middlewares/ST/STM32_USB_Device_Library/Class/CDC/Src/usbd_cdc.o
 .debug_ranges  0x0000000000000998       0xa8 ./Middlewares/ST/STM32_USB_Device_Library/Core/Src/usbd_core.o
 .debug_ranges  0x0000000000000a40       0x80 ./Middlewares/ST/STM32_USB_Device_Library/Core/Src/usbd_ctlreq.o
 .debug_ranges  0x0000000000000ac0       0x40 ./Middlewares/ST/STM32_USB_Device_Library/Core/Src/usbd_ioreq.o
 .debug_ranges  0x0000000000000b00       0x10 ./USB_DEVICE/App/usb_device.o
 .debug_ranges  0x0000000000000b10       0x38 ./USB_DEVICE/App/usbd_cdc_if.o
 .debug_ranges  0x0000000000000b48       0x50 ./USB_DEVICE/App/usbd_desc.o
 .debug_ranges  0x0000000000000b98      0x100 ./USB_DEVICE/Target/usbd_conf.o

.debug_macro    0x0000000000000000    0x215d5
 .debug_macro   0x0000000000000000      0x3ee ./Core/Src/main.o
 .debug_macro   0x00000000000003ee      0xaa8 ./Core/Src/main.o
 .debug_macro   0x0000000000000e96      0x29b ./Core/Src/main.o
 .debug_macro   0x0000000000001131       0x2e ./Core/Src/main.o
 .debug_macro   0x000000000000115f       0x2f ./Core/Src/main.o
 .debug_macro   0x000000000000118e       0x22 ./Core/Src/main.o
 .debug_macro   0x00000000000011b0       0x8e ./Core/Src/main.o
 .debug_macro   0x000000000000123e       0x51 ./Core/Src/main.o
 .debug_macro   0x000000000000128f      0x103 ./Core/Src/main.o
 .debug_macro   0x0000000000001392       0x6a ./Core/Src/main.o
 .debug_macro   0x00000000000013fc      0x1df ./Core/Src/main.o
 .debug_macro   0x00000000000015db       0x1c ./Core/Src/main.o
 .debug_macro   0x00000000000015f7       0x22 ./Core/Src/main.o
 .debug_macro   0x0000000000001619       0xdf ./Core/Src/main.o
 .debug_macro   0x00000000000016f8     0x102d ./Core/Src/main.o
 .debug_macro   0x0000000000002725      0x11f ./Core/Src/main.o
 .debug_macro   0x0000000000002844    0x1426d ./Core/Src/main.o
 .debug_macro   0x0000000000016ab1       0x6d ./Core/Src/main.o
 .debug_macro   0x0000000000016b1e     0x3666 ./Core/Src/main.o
 .debug_macro   0x000000000001a184      0x174 ./Core/Src/main.o
 .debug_macro   0x000000000001a2f8       0x5c ./Core/Src/main.o
 .debug_macro   0x000000000001a354      0x8a7 ./Core/Src/main.o
 .debug_macro   0x000000000001abfb      0x9fe ./Core/Src/main.o
 .debug_macro   0x000000000001b5f9      0x116 ./Core/Src/main.o
 .debug_macro   0x000000000001b70f      0x130 ./Core/Src/main.o
 .debug_macro   0x000000000001b83f       0xa5 ./Core/Src/main.o
 .debug_macro   0x000000000001b8e4      0x174 ./Core/Src/main.o
 .debug_macro   0x000000000001ba58      0x287 ./Core/Src/main.o
 .debug_macro   0x000000000001bcdf       0x5f ./Core/Src/main.o
 .debug_macro   0x000000000001bd3e      0x236 ./Core/Src/main.o
 .debug_macro   0x000000000001bf74      0x12c ./Core/Src/main.o
 .debug_macro   0x000000000001c0a0      0x21e ./Core/Src/main.o
 .debug_macro   0x000000000001c2be       0x2e ./Core/Src/main.o
 .debug_macro   0x000000000001c2ec      0x1b5 ./Core/Src/main.o
 .debug_macro   0x000000000001c4a1       0xd6 ./Core/Src/main.o
 .debug_macro   0x000000000001c577      0x11a ./Core/Src/main.o
 .debug_macro   0x000000000001c691       0x7e ./Core/Src/main.o
 .debug_macro   0x000000000001c70f       0x89 ./Core/Src/main.o
 .debug_macro   0x000000000001c798      0x21e ./Core/Src/main.o
 .debug_macro   0x000000000001c9b6       0xba ./Core/Src/main.o
 .debug_macro   0x000000000001ca70      0x12d ./Core/Src/main.o
 .debug_macro   0x000000000001cb9d       0x10 ./Core/Src/main.o
 .debug_macro   0x000000000001cbad       0x52 ./Core/Src/main.o
 .debug_macro   0x000000000001cbff       0x18 ./Core/Src/main.o
 .debug_macro   0x000000000001cc17       0x3c ./Core/Src/main.o
 .debug_macro   0x000000000001cc53       0x34 ./Core/Src/main.o
 .debug_macro   0x000000000001cc87       0x16 ./Core/Src/main.o
 .debug_macro   0x000000000001cc9d       0x35 ./Core/Src/main.o
 .debug_macro   0x000000000001ccd2      0x333 ./Core/Src/main.o
 .debug_macro   0x000000000001d005       0x10 ./Core/Src/main.o
 .debug_macro   0x000000000001d015       0x16 ./Core/Src/main.o
 .debug_macro   0x000000000001d02b       0x43 ./Core/Src/main.o
 .debug_macro   0x000000000001d06e       0x34 ./Core/Src/main.o
 .debug_macro   0x000000000001d0a2       0x10 ./Core/Src/main.o
 .debug_macro   0x000000000001d0b2       0x58 ./Core/Src/main.o
 .debug_macro   0x000000000001d10a       0x71 ./Core/Src/main.o
 .debug_macro   0x000000000001d17b       0x1c ./Core/Src/main.o
 .debug_macro   0x000000000001d197      0x12a ./Core/Src/main.o
 .debug_macro   0x000000000001d2c1       0x10 ./Core/Src/main.o
 .debug_macro   0x000000000001d2d1       0x1c ./Core/Src/main.o
 .debug_macro   0x000000000001d2ed       0x52 ./Core/Src/main.o
 .debug_macro   0x000000000001d33f       0x22 ./Core/Src/main.o
 .debug_macro   0x000000000001d361       0x10 ./Core/Src/main.o
 .debug_macro   0x000000000001d371       0x40 ./Core/Src/main.o
 .debug_macro   0x000000000001d3b1       0xd5 ./Core/Src/main.o
 .debug_macro   0x000000000001d486       0x1c ./Core/Src/main.o
 .debug_macro   0x000000000001d4a2       0x3d ./Core/Src/main.o
 .debug_macro   0x000000000001d4df       0x16 ./Core/Src/main.o
 .debug_macro   0x000000000001d4f5      0x145 ./Core/Src/main.o
 .debug_macro   0x000000000001d63a       0x16 ./Core/Src/main.o
 .debug_macro   0x000000000001d650       0x16 ./Core/Src/main.o
 .debug_macro   0x000000000001d666       0x29 ./Core/Src/main.o
 .debug_macro   0x000000000001d68f       0x16 ./Core/Src/main.o
 .debug_macro   0x000000000001d6a5       0x20 ./Core/Src/main.o
 .debug_macro   0x000000000001d6c5       0x65 ./Core/Src/main.o
 .debug_macro   0x000000000001d72a      0x1ef ./Core/Src/main.o
 .debug_macro   0x000000000001d919      0x1fd ./Core/Src/stm32f4xx_hal_msp.o
 .debug_macro   0x000000000001db16      0x207 ./Core/Src/stm32f4xx_it.o
 .debug_macro   0x000000000001dd1d      0x1ee ./Core/Src/system_stm32f4xx.o
 .debug_macro   0x000000000001df0b      0x24e ./Drivers/STM32F4xx_HAL_Driver/Src/stm32f4xx_hal.o
 .debug_macro   0x000000000001e159      0x1ee ./Drivers/STM32F4xx_HAL_Driver/Src/stm32f4xx_hal_cortex.o
 .debug_macro   0x000000000001e347      0x1f4 ./Drivers/STM32F4xx_HAL_Driver/Src/stm32f4xx_hal_gpio.o
 .debug_macro   0x000000000001e53b      0x235 ./Drivers/STM32F4xx_HAL_Driver/Src/stm32f4xx_hal_i2c.o
 .debug_macro   0x000000000001e770      0x1fa ./Drivers/STM32F4xx_HAL_Driver/Src/stm32f4xx_hal_pcd.o
 .debug_macro   0x000000000001e96a      0x1ee ./Drivers/STM32F4xx_HAL_Driver/Src/stm32f4xx_hal_pcd_ex.o
 .debug_macro   0x000000000001eb58      0x212 ./Drivers/STM32F4xx_HAL_Driver/Src/stm32f4xx_hal_rcc.o
 .debug_macro   0x000000000001ed6a      0x1ee ./Drivers/STM32F4xx_HAL_Driver/Src/stm32f4xx_ll_usb.o
 .debug_macro   0x000000000001ef58      0x413 ./Middlewares/ST/STM32_USB_Device_Library/Class/CDC/Src/usbd_cdc.o
 .debug_macro   0x000000000001f36b       0x97 ./Middlewares/ST/STM32_USB_Device_Library/Class/CDC/Src/usbd_cdc.o
 .debug_macro   0x000000000001f402       0xfd ./Middlewares/ST/STM32_USB_Device_Library/Class/CDC/Src/usbd_cdc.o
 .debug_macro   0x000000000001f4ff       0xd9 ./Middlewares/ST/STM32_USB_Device_Library/Class/CDC/Src/usbd_cdc.o
 .debug_macro   0x000000000001f5d8       0x56 ./Middlewares/ST/STM32_USB_Device_Library/Class/CDC/Src/usbd_cdc.o
 .debug_macro   0x000000000001f62e       0x95 ./Middlewares/ST/STM32_USB_Device_Library/Class/CDC/Src/usbd_cdc.o
 .debug_macro   0x000000000001f6c3      0x3fa ./Middlewares/ST/STM32_USB_Device_Library/Core/Src/usbd_core.o
 .debug_macro   0x000000000001fabd      0x1f5 ./Middlewares/ST/STM32_USB_Device_Library/Core/Src/usbd_core.o
 .debug_macro   0x000000000001fcb2      0x404 ./Middlewares/ST/STM32_USB_Device_Library/Core/Src/usbd_ctlreq.o
 .debug_macro   0x00000000000200b6      0x400 ./Middlewares/ST/STM32_USB_Device_Library/Core/Src/usbd_ioreq.o
 .debug_macro   0x00000000000204b6      0x433 ./USB_DEVICE/App/usb_device.o
 .debug_macro   0x00000000000208e9       0x16 ./USB_DEVICE/App/usb_device.o
 .debug_macro   0x00000000000208ff       0x22 ./USB_DEVICE/App/usb_device.o
 .debug_macro   0x0000000000020921       0x16 ./USB_DEVICE/App/usb_device.o
 .debug_macro   0x0000000000020937      0x41e ./USB_DEVICE/App/usbd_cdc_if.o
 .debug_macro   0x0000000000020d55       0x10 ./USB_DEVICE/App/usbd_cdc_if.o
 .debug_macro   0x0000000000020d65      0x43d ./USB_DEVICE/App/usbd_desc.o
 .debug_macro   0x00000000000211a2       0x1c ./USB_DEVICE/App/usbd_desc.o
 .debug_macro   0x00000000000211be      0x417 ./USB_DEVICE/Target/usbd_conf.o

.debug_line     0x0000000000000000    0x1239d
 .debug_line    0x0000000000000000      0xab2 ./Core/Src/main.o
 .debug_line    0x0000000000000ab2      0x738 ./Core/Src/stm32f4xx_hal_msp.o
 .debug_line    0x00000000000011ea      0x7c4 ./Core/Src/stm32f4xx_it.o
 .debug_line    0x00000000000019ae      0x76b ./Core/Src/system_stm32f4xx.o
 .debug_line    0x0000000000002119       0x88 ./Core/Startup/startup_stm32f405rgtx.o
 .debug_line    0x00000000000021a1      0x9d1 ./Drivers/STM32F4xx_HAL_Driver/Src/stm32f4xx_hal.o
 .debug_line    0x0000000000002b72      0xc80 ./Drivers/STM32F4xx_HAL_Driver/Src/stm32f4xx_hal_cortex.o
 .debug_line    0x00000000000037f2      0xb47 ./Drivers/STM32F4xx_HAL_Driver/Src/stm32f4xx_hal_gpio.o
 .debug_line    0x0000000000004339     0x397d ./Drivers/STM32F4xx_HAL_Driver/Src/stm32f4xx_hal_i2c.o
 .debug_line    0x0000000000007cb6     0x131e ./Drivers/STM32F4xx_HAL_Driver/Src/stm32f4xx_hal_pcd.o
 .debug_line    0x0000000000008fd4      0x7b4 ./Drivers/STM32F4xx_HAL_Driver/Src/stm32f4xx_hal_pcd_ex.o
 .debug_line    0x0000000000009788      0xd4b ./Drivers/STM32F4xx_HAL_Driver/Src/stm32f4xx_hal_rcc.o
 .debug_line    0x000000000000a4d3     0x1960 ./Drivers/STM32F4xx_HAL_Driver/Src/stm32f4xx_ll_usb.o
 .debug_line    0x000000000000be33      0xdb4 ./Middlewares/ST/STM32_USB_Device_Library/Class/CDC/Src/usbd_cdc.o
 .debug_line    0x000000000000cbe7      0xe37 ./Middlewares/ST/STM32_USB_Device_Library/Core/Src/usbd_core.o
 .debug_line    0x000000000000da1e     0x10b7 ./Middlewares/ST/STM32_USB_Device_Library/Core/Src/usbd_ctlreq.o
 .debug_line    0x000000000000ead5      0xa8e ./Middlewares/ST/STM32_USB_Device_Library/Core/Src/usbd_ioreq.o
 .debug_line    0x000000000000f563      0xa4a ./USB_DEVICE/App/usb_device.o
 .debug_line    0x000000000000ffad      0xaad ./USB_DEVICE/App/usbd_cdc_if.o
 .debug_line    0x0000000000010a5a      0xb13 ./USB_DEVICE/App/usbd_desc.o
 .debug_line    0x000000000001156d      0xe30 ./USB_DEVICE/Target/usbd_conf.o

.debug_str      0x0000000000000000    0xbba11
 .debug_str     0x0000000000000000    0xb792e ./Core/Src/main.o
                                      0xb7cd5 (size before relaxing)
 .debug_str     0x00000000000b792e       0x53 ./Core/Src/stm32f4xx_hal_msp.o
                                      0xb2f2f (size before relaxing)
 .debug_str     0x00000000000b7981      0x3fc ./Core/Src/stm32f4xx_it.o
                                      0xb2d04 (size before relaxing)
 .debug_str     0x00000000000b7d7d       0xaf ./Core/Src/system_stm32f4xx.o
                                      0xb2a04 (size before relaxing)
 .debug_str     0x00000000000b7e2c       0x36 ./Core/Startup/startup_stm32f405rgtx.o
                                         0x72 (size before relaxing)
 .debug_str     0x00000000000b7e62      0xa33 ./Drivers/STM32F4xx_HAL_Driver/Src/stm32f4xx_hal.o
                                      0xb34c5 (size before relaxing)
 .debug_str     0x00000000000b8895      0x399 ./Drivers/STM32F4xx_HAL_Driver/Src/stm32f4xx_hal_cortex.o
                                      0xb32b4 (size before relaxing)
 .debug_str     0x00000000000b8c2e      0x15f ./Drivers/STM32F4xx_HAL_Driver/Src/stm32f4xx_hal_gpio.o
                                      0xb2bab (size before relaxing)
 .debug_str     0x00000000000b8d8d      0xaa6 ./Drivers/STM32F4xx_HAL_Driver/Src/stm32f4xx_hal_i2c.o
                                      0xb3986 (size before relaxing)
 .debug_str     0x00000000000b9833      0x564 ./Drivers/STM32F4xx_HAL_Driver/Src/stm32f4xx_hal_pcd.o
                                      0xb31ee (size before relaxing)
 .debug_str     0x00000000000b9d97      0x13f ./Drivers/STM32F4xx_HAL_Driver/Src/stm32f4xx_hal_pcd_ex.o
                                      0xb2db9 (size before relaxing)
 .debug_str     0x00000000000b9ed6      0x24e ./Drivers/STM32F4xx_HAL_Driver/Src/stm32f4xx_hal_rcc.o
                                      0xb2e06 (size before relaxing)
 .debug_str     0x00000000000ba124      0x6a3 ./Drivers/STM32F4xx_HAL_Driver/Src/stm32f4xx_ll_usb.o
                                      0xb3325 (size before relaxing)
 .debug_str     0x00000000000ba7c7      0x929 ./Middlewares/ST/STM32_USB_Device_Library/Class/CDC/Src/usbd_cdc.o
                                      0xb8208 (size before relaxing)
 .debug_str     0x00000000000bb0f0      0x1a2 ./Middlewares/ST/STM32_USB_Device_Library/Core/Src/usbd_core.o
                                      0xb7a94 (size before relaxing)
 .debug_str     0x00000000000bb292      0x152 ./Middlewares/ST/STM32_USB_Device_Library/Core/Src/usbd_ctlreq.o
                                      0xb7a52 (size before relaxing)
 .debug_str     0x00000000000bb3e4       0xc9 ./Middlewares/ST/STM32_USB_Device_Library/Core/Src/usbd_ioreq.o
                                      0xb79a2 (size before relaxing)
 .debug_str     0x00000000000bb4ad      0x118 ./USB_DEVICE/App/usb_device.o
                                      0xb7d31 (size before relaxing)
 .debug_str     0x00000000000bb5c5       0x8a ./USB_DEVICE/App/usbd_cdc_if.o
                                      0xb7d83 (size before relaxing)
 .debug_str     0x00000000000bb64f      0x26e ./USB_DEVICE/App/usbd_desc.o
                                      0xb78f4 (size before relaxing)
 .debug_str     0x00000000000bb8bd      0x154 ./USB_DEVICE/Target/usbd_conf.o
                                      0xb8911 (size before relaxing)

.comment        0x0000000000000000       0x53
 .comment       0x0000000000000000       0x53 ./Core/Src/main.o
                                         0x54 (size before relaxing)
 .comment       0x0000000000000053       0x54 ./Core/Src/stm32f4xx_hal_msp.o
 .comment       0x0000000000000053       0x54 ./Core/Src/stm32f4xx_it.o
 .comment       0x0000000000000053       0x54 ./Core/Src/system_stm32f4xx.o
 .comment       0x0000000000000053       0x54 ./Drivers/STM32F4xx_HAL_Driver/Src/stm32f4xx_hal.o
 .comment       0x0000000000000053       0x54 ./Drivers/STM32F4xx_HAL_Driver/Src/stm32f4xx_hal_cortex.o
 .comment       0x0000000000000053       0x54 ./Drivers/STM32F4xx_HAL_Driver/Src/stm32f4xx_hal_gpio.o
 .comment       0x0000000000000053       0x54 ./Drivers/STM32F4xx_HAL_Driver/Src/stm32f4xx_hal_i2c.o
 .comment       0x0000000000000053       0x54 ./Drivers/STM32F4xx_HAL_Driver/Src/stm32f4xx_hal_pcd.o
 .comment       0x0000000000000053       0x54 ./Drivers/STM32F4xx_HAL_Driver/Src/stm32f4xx_hal_pcd_ex.o
 .comment       0x0000000000000053       0x54 ./Drivers/STM32F4xx_HAL_Driver/Src/stm32f4xx_hal_rcc.o
 .comment       0x0000000000000053       0x54 ./Drivers/STM32F4xx_HAL_Driver/Src/stm32f4xx_ll_usb.o
 .comment       0x0000000000000053       0x54 ./Middlewares/ST/STM32_USB_Device_Library/Class/CDC/Src/usbd_cdc.o
 .comment       0x0000000000000053       0x54 ./Middlewares/ST/STM32_USB_Device_Library/Core/Src/usbd_core.o
 .comment       0x0000000000000053       0x54 ./Middlewares/ST/STM32_USB_Device_Library/Core/Src/usbd_ctlreq.o
 .comment       0x0000000000000053       0x54 ./Middlewares/ST/STM32_USB_Device_Library/Core/Src/usbd_ioreq.o
 .comment       0x0000000000000053       0x54 ./USB_DEVICE/App/usb_device.o
 .comment       0x0000000000000053       0x54 ./USB_DEVICE/App/usbd_cdc_if.o
 .comment       0x0000000000000053       0x54 ./USB_DEVICE/App/usbd_desc.o
 .comment       0x0000000000000053       0x54 ./USB_DEVICE/Target/usbd_conf.o

.debug_frame    0x0000000000000000     0x381c
 .debug_frame   0x0000000000000000       0xac ./Core/Src/main.o
 .debug_frame   0x00000000000000ac       0x80 ./Core/Src/stm32f4xx_hal_msp.o
 .debug_frame   0x000000000000012c      0x120 ./Core/Src/stm32f4xx_it.o
 .debug_frame   0x000000000000024c       0x58 ./Core/Src/system_stm32f4xx.o
 .debug_frame   0x00000000000002a4      0x374 ./Drivers/STM32F4xx_HAL_Driver/Src/stm32f4xx_hal.o
 .debug_frame   0x0000000000000618      0x498 ./Drivers/STM32F4xx_HAL_Driver/Src/stm32f4xx_hal_cortex.o
 .debug_frame   0x0000000000000ab0      0x14c ./Drivers/STM32F4xx_HAL_Driver/Src/stm32f4xx_hal_gpio.o
 .debug_frame   0x0000000000000bfc      0xc5c ./Drivers/STM32F4xx_HAL_Driver/Src/stm32f4xx_hal_i2c.o
 .debug_frame   0x0000000000001858      0x574 ./Drivers/STM32F4xx_HAL_Driver/Src/stm32f4xx_hal_pcd.o
 .debug_frame   0x0000000000001dcc       0xb0 ./Drivers/STM32F4xx_HAL_Driver/Src/stm32f4xx_hal_pcd_ex.o
 .debug_frame   0x0000000000001e7c      0x1ec ./Drivers/STM32F4xx_HAL_Driver/Src/stm32f4xx_hal_rcc.o
 .debug_frame   0x0000000000002068      0x798 ./Drivers/STM32F4xx_HAL_Driver/Src/stm32f4xx_ll_usb.o
 .debug_frame   0x0000000000002800      0x248 ./Middlewares/ST/STM32_USB_Device_Library/Class/CDC/Src/usbd_cdc.o
 .debug_frame   0x0000000000002a48      0x2f4 ./Middlewares/ST/STM32_USB_Device_Library/Core/Src/usbd_core.o
 .debug_frame   0x0000000000002d3c      0x23c ./Middlewares/ST/STM32_USB_Device_Library/Core/Src/usbd_ctlreq.o
 .debug_frame   0x0000000000002f78      0x10c ./Middlewares/ST/STM32_USB_Device_Library/Core/Src/usbd_ioreq.o
 .debug_frame   0x0000000000003084       0x2c ./USB_DEVICE/App/usb_device.o
 .debug_frame   0x00000000000030b0       0xe4 ./USB_DEVICE/App/usbd_cdc_if.o
 .debug_frame   0x0000000000003194      0x160 ./USB_DEVICE/App/usbd_desc.o
 .debug_frame   0x00000000000032f4      0x47c ./USB_DEVICE/Target/usbd_conf.o
 .debug_frame   0x0000000000003770       0x2c /home/saul/st/stm32cubeide_1.7.0/plugins/com.st.stm32cube.ide.mcu.externaltools.gnu-tools-for-stm32.9-2020-q2-update.linux64_2.0.0.202105311346/tools/bin/../lib/gcc/arm-none-eabi/9.3.1/../../../../arm-none-eabi/lib/thumb/v7e-m+fp/hard/libc_nano.a(lib_a-init.o)
 .debug_frame   0x000000000000379c       0x20 /home/saul/st/stm32cubeide_1.7.0/plugins/com.st.stm32cube.ide.mcu.externaltools.gnu-tools-for-stm32.9-2020-q2-update.linux64_2.0.0.202105311346/tools/bin/../lib/gcc/arm-none-eabi/9.3.1/../../../../arm-none-eabi/lib/thumb/v7e-m+fp/hard/libc_nano.a(lib_a-memset.o)
 .debug_frame   0x00000000000037bc       0x2c /home/saul/st/stm32cubeide_1.7.0/plugins/com.st.stm32cube.ide.mcu.externaltools.gnu-tools-for-stm32.9-2020-q2-update.linux64_2.0.0.202105311346/tools/bin/../lib/gcc/arm-none-eabi/9.3.1/thumb/v7e-m+fp/hard/libgcc.a(_aeabi_uldivmod.o)
 .debug_frame   0x00000000000037e8       0x34 /home/saul/st/stm32cubeide_1.7.0/plugins/com.st.stm32cube.ide.mcu.externaltools.gnu-tools-for-stm32.9-2020-q2-update.linux64_2.0.0.202105311346/tools/bin/../lib/gcc/arm-none-eabi/9.3.1/thumb/v7e-m+fp/hard/libgcc.a(_udivmoddi4.o)
